Component: ARM Compiler 5.06 update 7 (build 960) Tool: armlink [4d3601]

==============================================================================

Section Cross References

    main.o(i.SystemClock_Config) refers to memseta.o(.text) for __aeabi_memclr4
    main.o(i.SystemClock_Config) refers to stm32f4xx_hal_rcc.o(i.HAL_RCC_OscConfig) for HAL_RCC_OscConfig
    main.o(i.SystemClock_Config) refers to main.o(i.Error_Handler) for Error_Handler
    main.o(i.SystemClock_Config) refers to stm32f4xx_hal_rcc.o(i.HAL_RCC_ClockConfig) for HAL_RCC_ClockConfig
    main.o(i.SystemClock_Config) refers to stm32f4xx_hal_rcc.o(i.HAL_RCC_EnableCSS) for HAL_RCC_EnableCSS
    main.o(i.main) refers to stm32f4xx_hal.o(i.HAL_Init) for HAL_Init
    main.o(i.main) refers to main.o(i.SystemClock_Config) for SystemClock_Config
    main.o(i.main) refers to gpio.o(i.MX_GPIO_Init) for MX_GPIO_Init
    main.o(i.main) refers to dma.o(i.MX_DMA_Init) for MX_DMA_Init
    main.o(i.main) refers to adc.o(i.MX_ADC1_Init) for MX_ADC1_Init
    main.o(i.main) refers to adc.o(i.MX_ADC3_Init) for MX_ADC3_Init
    main.o(i.main) refers to can.o(i.MX_CAN1_Init) for MX_CAN1_Init
    main.o(i.main) refers to crc.o(i.MX_CRC_Init) for MX_CRC_Init
    main.o(i.main) refers to i2c.o(i.MX_I2C1_Init) for MX_I2C1_Init
    main.o(i.main) refers to i2c.o(i.MX_I2C2_Init) for MX_I2C2_Init
    main.o(i.main) refers to i2c.o(i.MX_I2C3_Init) for MX_I2C3_Init
    main.o(i.main) refers to rng.o(i.MX_RNG_Init) for MX_RNG_Init
    main.o(i.main) refers to rtc.o(i.MX_RTC_Init) for MX_RTC_Init
    main.o(i.main) refers to spi.o(i.MX_SPI1_Init) for MX_SPI1_Init
    main.o(i.main) refers to spi.o(i.MX_SPI2_Init) for MX_SPI2_Init
    main.o(i.main) refers to tim.o(i.MX_TIM1_Init) for MX_TIM1_Init
    main.o(i.main) refers to tim.o(i.MX_TIM3_Init) for MX_TIM3_Init
    main.o(i.main) refers to tim.o(i.MX_TIM4_Init) for MX_TIM4_Init
    main.o(i.main) refers to tim.o(i.MX_TIM5_Init) for MX_TIM5_Init
    main.o(i.main) refers to tim.o(i.MX_TIM8_Init) for MX_TIM8_Init
    main.o(i.main) refers to tim.o(i.MX_TIM10_Init) for MX_TIM10_Init
    main.o(i.main) refers to can.o(i.MX_CAN2_Init) for MX_CAN2_Init
    main.o(i.main) refers to usart.o(i.MX_USART6_UART_Init) for MX_USART6_UART_Init
    main.o(i.main) refers to usart.o(i.MX_USART3_UART_Init) for MX_USART3_UART_Init
    main.o(i.main) refers to usart.o(i.MX_USART1_UART_Init) for MX_USART1_UART_Init
    main.o(i.main) refers to user_can.o(i.can_filter_init) for can_filter_init
    main.o(i.main) refers to delay.o(i.delay_init) for delay_init
    main.o(i.main) refers to calibrate_task.o(i.cali_param_init) for cali_param_init
    main.o(i.main) refers to remote.o(i.remote_control_init) for remote_control_init
    main.o(i.main) refers to user_usart.o(i.usart1_tx_dma_init) for usart1_tx_dma_init
    main.o(i.main) refers to freertos.o(i.MX_FREERTOS_Init) for MX_FREERTOS_Init
    main.o(i.main) refers to cmsis_os.o(i.osKernelStart) for osKernelStart
    main.o(i.main) refers to can_receive.o(i.CAN_cmd_chassis) for CAN_cmd_chassis
    gpio.o(i.MX_GPIO_Init) refers to memseta.o(.text) for __aeabi_memclr4
    gpio.o(i.MX_GPIO_Init) refers to stm32f4xx_hal_gpio.o(i.HAL_GPIO_WritePin) for HAL_GPIO_WritePin
    gpio.o(i.MX_GPIO_Init) refers to stm32f4xx_hal_gpio.o(i.HAL_GPIO_Init) for HAL_GPIO_Init
    gpio.o(i.MX_GPIO_Init) refers to stm32f4xx_hal_cortex.o(i.HAL_NVIC_SetPriority) for HAL_NVIC_SetPriority
    gpio.o(i.MX_GPIO_Init) refers to stm32f4xx_hal_cortex.o(i.HAL_NVIC_EnableIRQ) for HAL_NVIC_EnableIRQ
    freertos.o(i.MX_FREERTOS_Init) refers to memcpya.o(.text) for __aeabi_memcpy4
    freertos.o(i.MX_FREERTOS_Init) refers to cmsis_os.o(i.osThreadCreate) for osThreadCreate
    freertos.o(i.MX_FREERTOS_Init) refers to freertos.o(.constdata) for .constdata
    freertos.o(i.MX_FREERTOS_Init) refers to freertos.o(.data) for usb_task_handle
    freertos.o(i.test_tack) refers to usb_device.o(i.MX_USB_DEVICE_Init) for MX_USB_DEVICE_Init
    freertos.o(i.test_tack) refers to cmsis_os.o(i.osDelay) for osDelay
    freertos.o(i.vApplicationGetIdleTaskMemory) refers to freertos.o(.bss) for xIdleTaskTCBBuffer
    freertos.o(i.vApplicationGetTimerTaskMemory) refers to freertos.o(.bss) for xTimerTaskTCBBuffer
    freertos.o(.constdata) refers to freertos.o(.conststring) for .conststring
    freertos.o(.constdata) refers to usb_task.o(i.usb_task) for usb_task
    freertos.o(.constdata) refers to calibrate_task.o(i.calibrate_task) for calibrate_task
    freertos.o(.constdata) refers to detect_task.o(i.detect_task) for detect_task
    freertos.o(.constdata) refers to referee_task.o(i.referee_usart_task) for referee_usart_task
    freertos.o(.constdata) refers to user_draw.o(i.draw_UI_task) for draw_UI_task
    freertos.o(.constdata) refers to rgb_task.o(i.led_RGB_flow_task) for led_RGB_flow_task
    freertos.o(.constdata) refers to ins_task.o(i.INS_task) for INS_task
[...]
    0x08000cac   0x08000cac   0x0000001a   Code   RO        12522    i.AHRS_fabs         AHRS.lib(ahrs.o)
    0x08000cc6   0x08000cc6   0x00000002   PAD
    0x08000cc8   0x08000cc8   0x00000010   Code   RO         4366    i.AHRS_get_height   ahrs_middleware.o
    0x08000cd8   0x08000cd8   0x0000000c   Code   RO         4367    i.AHRS_get_latitude  ahrs_middleware.o
    0x08000ce4   0x08000ce4   0x0000029c   Code   RO        12523    i.AHRS_init         AHRS.lib(ahrs.o)
    0x08000f80   0x08000f80   0x00000024   Code   RO         4368    i.AHRS_invSqrt      ahrs_middleware.o
    0x08000fa4   0x08000fa4   0x00000018   Code   RO         4369    i.AHRS_sinf         ahrs_middleware.o
    0x08000fbc   0x08000fbc   0x0000013a   Code   RO        12524    i.AHRS_update       AHRS.lib(ahrs.o)
    0x080010f6   0x080010f6   0x00000002   PAD
    0x080010f8   0x080010f8   0x00000014   Code   RO         5264    i.BMI088_ACCEL_NS_H  bmi088_middleware.o
    0x0800110c   0x0800110c   0x00000014   Code   RO         5265    i.BMI088_ACCEL_NS_L  bmi088_middleware.o
    0x08001120   0x08001120   0x00000002   Code   RO         5266    i.BMI088_GPIO_init  bmi088_middleware.o
    0x08001122   0x08001122   0x00000002   PAD
    0x08001124   0x08001124   0x00000014   Code   RO         5267    i.BMI088_GYRO_NS_H  bmi088_middleware.o
    0x08001138   0x08001138   0x00000014   Code   RO         5268    i.BMI088_GYRO_NS_L  bmi088_middleware.o
    0x0800114c   0x0800114c   0x00000090   Code   RO         5131    i.BMI088_accel_read_over  bmi088_driver.o
    0x080011dc   0x080011dc   0x00000002   Code   RO         5269    i.BMI088_com_init   bmi088_middleware.o
    0x080011de   0x080011de   0x0000000c   Code   RO         5270    i.BMI088_delay_ms   bmi088_middleware.o
    0x080011ea   0x080011ea   0x0000000c   Code   RO         5271    i.BMI088_delay_us   bmi088_middleware.o
    0x080011f6   0x080011f6   0x00000002   PAD
    0x080011f8   0x080011f8   0x00000068   Code   RO         5132    i.BMI088_gyro_read_over  bmi088_driver.o
    0x08001260   0x08001260   0x00000034   Code   RO         5133    i.BMI088_init       bmi088_driver.o
    0x08001294   0x08001294   0x0000017c   Code   RO         5134    i.BMI088_read       bmi088_driver.o
    0x08001410   0x08001410   0x00000026   Code   RO         5137    i.BMI088_read_muli_reg  bmi088_driver.o
    0x08001436   0x08001436   0x00000018   Code   RO         5138    i.BMI088_read_single_reg  bmi088_driver.o
    0x0800144e   0x0800144e   0x00000002   PAD
    0x08001450   0x08001450   0x00000020   Code   RO         5272    i.BMI088_read_write_byte  bmi088_middleware.o
    0x08001470   0x08001470   0x00000034   Code   RO         5139    i.BMI088_temperature_read_over  bmi088_driver.o
    0x080014a4   0x080014a4   0x00000014   Code   RO         5140    i.BMI088_write_single_reg  bmi088_driver.o
    0x080014b8   0x080014b8   0x000001cc   Code   RO         3664    i.B_Chassis_Control_Loop  chassis_task.o
    0x08001684   0x08001684   0x00000164   Code   RO         3665    i.B_Chassis_Feedback_Update  chassis_task.o
    0x080017e8   0x080017e8   0x00000114   Code   RO         3666    i.B_Chassis_Init    chassis_task.o
    0x080018fc   0x080018fc   0x0000006c   Code   RO         3667    i.B_Chassis_Mode_Change_Control_Transit  chassis_task.o
    0x08001968   0x08001968   0x00000340   Code   RO         3668    i.B_Chassis_Set_Contorl  chassis_task.o
    0x08001ca8   0x08001ca8   0x00000012   Code   RO         3669    i.B_Chassis_Set_Mode  chassis_task.o
    0x08001cba   0x08001cba   0x00000004   Code   RO         1656    i.BusFault_Handler  stm32f4xx_it.o
    0x08001cbe   0x08001cbe   0x00000002   PAD
    0x08001cc0   0x08001cc0   0x00000010   Code   RO         1657    i.CAN1_RX0_IRQHandler  stm32f4xx_it.o
    0x08001cd0   0x08001cd0   0x00000010   Code   RO         1658    i.CAN2_RX0_IRQHandler  stm32f4xx_it.o
    0x08001ce0   0x08001ce0   0x00000050   Code   RO         3225    i.CAN_cmd_Friction  can_receive.o
    0x08001d30   0x08001d30   0x00000050   Code   RO         3226    i.CAN_cmd_chassis   can_receive.o
    0x08001d80   0x08001d80   0x00000048   Code   RO         3228    i.CAN_cmd_gimbal    can_receive.o
    0x08001dc8   0x08001dc8   0x00000044   Code   RO         1500    i.CDC_Control_FS    usbd_cdc_if.o
    0x08001e0c   0x08001e0c   0x00000004   Code   RO         1501    i.CDC_DeInit_FS     usbd_cdc_if.o
    0x08001e10   0x08001e10   0x00000024   Code   RO         1502    i.CDC_Init_FS       usbd_cdc_if.o
    0x08001e34   0x08001e34   0x000000a0   Code   RO         1503    i.CDC_Receive_FS    usbd_cdc_if.o
    0x08001ed4   0x08001ed4   0x0000000c   Code   RO         1504    i.CDC_TransmitCplt_FS  usbd_cdc_if.o
    0x08001ee0   0x08001ee0   0x00000038   Code   RO         1505    i.CDC_Transmit_FS   usbd_cdc_if.o
    0x08001f18   0x08001f18   0x0000007c   Code   RO         2689    i.DMA1_Stream7_IRQHandler  user_i2c.o
    0x08001f94   0x08001f94   0x00000010   Code   RO         1659    i.DMA2_Stream1_IRQHandler  stm32f4xx_it.o
    0x08001fa4   0x08001fa4   0x000000d0   Code   RO         3117    i.DMA2_Stream2_IRQHandler  ins_task.o
    0x08002074   0x08002074   0x00000010   Code   RO         1660    i.DMA2_Stream6_IRQHandler  stm32f4xx_it.o
    0x08002084   0x08002084   0x00000010   Code   RO         1661    i.DMA2_Stream7_IRQHandler  stm32f4xx_it.o
    0x08002094   0x08002094   0x00000034   Code   RO         6570    i.DMA_CalcBaseAndBitshift  stm32f4xx_hal_dma.o
    0x080020c8   0x080020c8   0x000000aa   Code   RO         6571    i.DMA_CheckFifoParam  stm32f4xx_hal_dma.o
    0x08002172   0x08002172   0x0000002c   Code   RO         6572    i.DMA_SetConfig     stm32f4xx_hal_dma.o
    0x0800219e   0x0800219e   0x00000002   Code   RO         1662    i.DebugMon_Handler  stm32f4xx_it.o
    0x080021a0   0x080021a0   0x0000000a   Code   RO         1663    i.EXTI0_IRQHandler  stm32f4xx_it.o
    0x080021aa   0x080021aa   0x0000000a   Code   RO         1664    i.EXTI3_IRQHandler  stm32f4xx_it.o
    0x080021b4   0x080021b4   0x0000000a   Code   RO         1665    i.EXTI4_IRQHandler  stm32f4xx_it.o
    0x080021be   0x080021be   0x0000000a   Code   RO         1666    i.EXTI9_5_IRQHandler  stm32f4xx_it.o
    0x080021c8   0x080021c8   0x00000006   Code   RO            4    i.Error_Handler     main.o
    0x080021ce   0x080021ce   0x00000002   PAD
    0x080021d0   0x080021d0   0x0000005c   Code   RO         6340    i.FLASH_Erase_Sector  stm32f4xx_hal_flash_ex.o
    0x0800222c   0x0800222c   0x00000078   Code   RO         6341    i.FLASH_FlushCaches  stm32f4xx_hal_flash_ex.o
    0x080022a4   0x080022a4   0x00000030   Code   RO         6342    i.FLASH_MassErase   stm32f4xx_hal_flash_ex.o
    0x080022d4   0x080022d4   0x00000024   Code   RO         6222    i.FLASH_Program_Byte  stm32f4xx_hal_flash.o
    0x080022f8   0x080022f8   0x0000003c   Code   RO         6223    i.FLASH_Program_DoubleWord  stm32f4xx_hal_flash.o
    0x08002334   0x08002334   0x00000028   Code   RO         6224    i.FLASH_Program_HalfWord  stm32f4xx_hal_flash.o
    0x0800235c   0x0800235c   0x00000028   Code   RO         6225    i.FLASH_Program_Word  stm32f4xx_hal_flash.o
    0x08002384   0x08002384   0x00000098   Code   RO         6226    i.FLASH_SetErrorCode  stm32f4xx_hal_flash.o
    0x0800241c   0x0800241c   0x00000064   Code   RO         6227    i.FLASH_WaitForLastOperation  stm32f4xx_hal_flash.o
    0x08002480   0x08002480   0x00000148   Code   RO         4058    i.Friction_Control_Loop  shoot.o
    0x080025c8   0x080025c8   0x00000034   Code   RO         1410    i.Get_SerialNum     usbd_desc.o
    0x080025fc   0x080025fc   0x0000018c   Code   RO         7253    i.HAL_ADC_ConfigChannel  stm32f4xx_hal_adc.o
    0x08002788   0x08002788   0x00000008   Code   RO         7260    i.HAL_ADC_GetValue  stm32f4xx_hal_adc.o
    0x08002790   0x08002790   0x00000068   Code   RO         7262    i.HAL_ADC_Init      stm32f4xx_hal_adc.o
    0x080027f8   0x080027f8   0x000000ac   Code   RO          659    i.HAL_ADC_MspInit   adc.o
    0x080028a4   0x080028a4   0x000000ce   Code   RO         7266    i.HAL_ADC_PollForConversion  stm32f4xx_hal_adc.o
    0x08002972   0x08002972   0x00000002   PAD
    0x08002974   0x08002974   0x0000014c   Code   RO         7268    i.HAL_ADC_Start     stm32f4xx_hal_adc.o
    0x08002ac0   0x08002ac0   0x0000002a   Code   RO         7527    i.HAL_CAN_ActivateNotification  stm32f4xx_hal_can.o
    0x08002aea   0x08002aea   0x00000156   Code   RO         7528    i.HAL_CAN_AddTxMessage  stm32f4xx_hal_can.o
    0x08002c40   0x08002c40   0x00000124   Code   RO         7529    i.HAL_CAN_ConfigFilter  stm32f4xx_hal_can.o
    0x08002d64   0x08002d64   0x00000002   Code   RO         7532    i.HAL_CAN_ErrorCallback  stm32f4xx_hal_can.o
    0x08002d66   0x08002d66   0x0000017a   Code   RO         7535    i.HAL_CAN_GetRxMessage  stm32f4xx_hal_can.o
    0x08002ee0   0x08002ee0   0x0000024e   Code   RO         7539    i.HAL_CAN_IRQHandler  stm32f4xx_hal_can.o
    0x0800312e   0x0800312e   0x00000174   Code   RO         7540    i.HAL_CAN_Init      stm32f4xx_hal_can.o
    0x080032a2   0x080032a2   0x00000002   PAD
    0x080032a4   0x080032a4   0x00000160   Code   RO          707    i.HAL_CAN_MspInit   can.o
    0x08003404   0x08003404   0x00000002   Code   RO         7547    i.HAL_CAN_RxFifo0FullCallback  stm32f4xx_hal_can.o
    0x08003406   0x08003406   0x00000002   PAD
    0x08003408   0x08003408   0x00000198   Code   RO         3229    i.HAL_CAN_RxFifo0MsgPendingCallback  can_receive.o
    0x080035a0   0x080035a0   0x00000002   Code   RO         7549    i.HAL_CAN_RxFifo1FullCallback  stm32f4xx_hal_can.o
    0x080035a2   0x080035a2   0x00000002   Code   RO         7550    i.HAL_CAN_RxFifo1MsgPendingCallback  stm32f4xx_hal_can.o
    0x080035a4   0x080035a4   0x00000002   Code   RO         7551    i.HAL_CAN_SleepCallback  stm32f4xx_hal_can.o
    0x080035a6   0x080035a6   0x0000005e   Code   RO         7552    i.HAL_CAN_Start     stm32f4xx_hal_can.o
    0x08003604   0x08003604   0x00000002   Code   RO         7554    i.HAL_CAN_TxMailbox0AbortCallback  stm32f4xx_hal_can.o
    0x08003606   0x08003606   0x00000002   Code   RO         7555    i.HAL_CAN_TxMailbox0CompleteCallback  stm32f4xx_hal_can.o
    0x08003608   0x08003608   0x00000002   Code   RO         7556    i.HAL_CAN_TxMailbox1AbortCallback  stm32f4xx_hal_can.o
    0x0800360a   0x0800360a   0x00000002   Code   RO         7557    i.HAL_CAN_TxMailbox1CompleteCallback  stm32f4xx_hal_can.o
    0x0800360c   0x0800360c   0x00000002   Code   RO         7558    i.HAL_CAN_TxMailbox2AbortCallback  stm32f4xx_hal_can.o
    0x0800360e   0x0800360e   0x00000002   Code   RO         7559    i.HAL_CAN_TxMailbox2CompleteCallback  stm32f4xx_hal_can.o
    0x08003610   0x08003610   0x00000002   Code   RO         7561    i.HAL_CAN_WakeUpFromRxMsgCallback  stm32f4xx_hal_can.o
    0x08003612   0x08003612   0x00000020   Code   RO         7764    i.HAL_CRC_Init      stm32f4xx_hal_crc.o
    0x08003632   0x08003632   0x00000002   PAD
    0x08003634   0x08003634   0x00000034   Code   RO          756    i.HAL_CRC_MspInit   crc.o
    0x08003668   0x08003668   0x000000ac   Code   RO         6573    i.HAL_DMA_Abort     stm32f4xx_hal_dma.o
    0x08003714   0x08003714   0x00000028   Code   RO         6574    i.HAL_DMA_Abort_IT  stm32f4xx_hal_dma.o
    0x0800373c   0x0800373c   0x00000240   Code   RO         6578    i.HAL_DMA_IRQHandler  stm32f4xx_hal_dma.o
    0x0800397c   0x0800397c   0x000000ec   Code   RO         6579    i.HAL_DMA_Init      stm32f4xx_hal_dma.o
    0x08003a68   0x08003a68   0x00000092   Code   RO         6583    i.HAL_DMA_Start_IT  stm32f4xx_hal_dma.o
    0x08003afa   0x08003afa   0x00000002   PAD
    0x08003afc   0x08003afc   0x00000028   Code   RO         6997    i.HAL_Delay         stm32f4xx_hal.o
    0x08003b24   0x08003b24   0x000000ac   Code   RO         6352    i.HAL_FLASHEx_Erase  stm32f4xx_hal_flash_ex.o
    0x08003bd0   0x08003bd0   0x00000014   Code   RO         6231    i.HAL_FLASH_Lock    stm32f4xx_hal_flash.o
    0x08003be4   0x08003be4   0x00000098   Code   RO         6236    i.HAL_FLASH_Program  stm32f4xx_hal_flash.o
    0x08003c7c   0x08003c7c   0x00000034   Code   RO         6238    i.HAL_FLASH_Unlock  stm32f4xx_hal_flash.o
    0x08003cb0   0x08003cb0   0x000000b8   Code   RO         3118    i.HAL_GPIO_EXTI_Callback  ins_task.o
    0x08003d68   0x08003d68   0x0000001c   Code   RO         6465    i.HAL_GPIO_EXTI_IRQHandler  stm32f4xx_hal_gpio.o
    0x08003d84   0x08003d84   0x000001f4   Code   RO         6466    i.HAL_GPIO_Init     stm32f4xx_hal_gpio.o
    0x08003f78   0x08003f78   0x00000010   Code   RO         6468    i.HAL_GPIO_ReadPin  stm32f4xx_hal_gpio.o
    0x08003f88   0x08003f88   0x0000000c   Code   RO         6470    i.HAL_GPIO_WritePin  stm32f4xx_hal_gpio.o
    0x08003f94   0x08003f94   0x0000000c   Code   RO         7003    i.HAL_GetTick       stm32f4xx_hal.o
    0x08003fa0   0x08003fa0   0x000001d0   Code   RO         7831    i.HAL_I2C_Init      stm32f4xx_hal_i2c.o
    0x08004170   0x08004170   0x000002f4   Code   RO         7849    i.HAL_I2C_Mem_Read  stm32f4xx_hal_i2c.o
    0x08004464   0x08004464   0x00000164   Code   RO         7852    i.HAL_I2C_Mem_Write  stm32f4xx_hal_i2c.o
    0x080045c8   0x080045c8   0x000001f4   Code   RO          825    i.HAL_I2C_MspInit   i2c.o
    0x080047bc   0x080047bc   0x00000018   Code   RO         7009    i.HAL_IncTick       stm32f4xx_hal.o
    0x080047d4   0x080047d4   0x0000003c   Code   RO         7010    i.HAL_Init          stm32f4xx_hal.o
    0x08004810   0x08004810   0x0000004c   Code   RO         7011    i.HAL_InitTick      stm32f4xx_hal.o
    0x0800485c   0x0800485c   0x00000054   Code   RO         1789    i.HAL_MspInit       stm32f4xx_hal_msp.o
    0x080048b0   0x080048b0   0x00000020   Code   RO         6855    i.HAL_NVIC_EnableIRQ  stm32f4xx_hal_cortex.o
    0x080048d0   0x080048d0   0x0000007c   Code   RO         6861    i.HAL_NVIC_SetPriority  stm32f4xx_hal_cortex.o
    0x0800494c   0x0800494c   0x00000028   Code   RO         6862    i.HAL_NVIC_SetPriorityGrouping  stm32f4xx_hal_cortex.o
    0x08004974   0x08004974   0x00000002   Code   RO         5714    i.HAL_PCDEx_LPM_Callback  stm32f4xx_hal_pcd_ex.o
    0x08004976   0x08004976   0x0000000a   Code   RO         5715    i.HAL_PCDEx_SetRxFiFo  stm32f4xx_hal_pcd_ex.o
    0x08004980   0x08004980   0x0000004e   Code   RO         5716    i.HAL_PCDEx_SetTxFiFo  stm32f4xx_hal_pcd_ex.o
    0x080049ce   0x080049ce   0x0000000e   Code   RO         1203    i.HAL_PCD_ConnectCallback  usbd_conf.o
    0x080049dc   0x080049dc   0x00000020   Code   RO         1204    i.HAL_PCD_DataInStageCallback  usbd_conf.o
    0x080049fc   0x080049fc   0x00000020   Code   RO         1205    i.HAL_PCD_DataOutStageCallback  usbd_conf.o
    0x08004a1c   0x08004a1c   0x0000000e   Code   RO         1206    i.HAL_PCD_DisconnectCallback  usbd_conf.o
    0x08004a2a   0x08004a2a   0x00000042   Code   RO         5479    i.HAL_PCD_EP_Abort  stm32f4xx_hal_pcd.o
    0x08004a6c   0x08004a6c   0x0000006a   Code   RO         5480    i.HAL_PCD_EP_Close  stm32f4xx_hal_pcd.o
    0x08004ad6   0x08004ad6   0x0000007c   Code   RO         5481    i.HAL_PCD_EP_ClrStall  stm32f4xx_hal_pcd.o
    0x08004b52   0x08004b52   0x00000016   Code   RO         5483    i.HAL_PCD_EP_GetRxCount  stm32f4xx_hal_pcd.o
    0x08004b68   0x08004b68   0x0000008c   Code   RO         5484    i.HAL_PCD_EP_Open   stm32f4xx_hal_pcd.o
    0x08004bf4   0x08004bf4   0x00000058   Code   RO         5485    i.HAL_PCD_EP_Receive  stm32f4xx_hal_pcd.o
    0x08004c4c   0x08004c4c   0x0000008a   Code   RO         5486    i.HAL_PCD_EP_SetStall  stm32f4xx_hal_pcd.o
    0x08004cd6   0x08004cd6   0x0000005a   Code   RO         5487    i.HAL_PCD_EP_Transmit  stm32f4xx_hal_pcd.o
    0x08004d30   0x08004d30   0x000006ca   Code   RO         5489    i.HAL_PCD_IRQHandler  stm32f4xx_hal_pcd.o
    0x080053fa   0x080053fa   0x00000012   Code   RO         1207    i.HAL_PCD_ISOINIncompleteCallback  usbd_conf.o
    0x0800540c   0x0800540c   0x00000012   Code   RO         1208    i.HAL_PCD_ISOOUTIncompleteCallback  usbd_conf.o
    0x0800541e   0x0800541e   0x00000166   Code   RO         5492    i.HAL_PCD_Init      stm32f4xx_hal_pcd.o
    0x08005584   0x08005584   0x000000a8   Code   RO         1210    i.HAL_PCD_MspInit   usbd_conf.o
    0x0800562c   0x0800562c   0x00000030   Code   RO         1211    i.HAL_PCD_ResetCallback  usbd_conf.o
    0x0800565c   0x0800565c   0x0000000e   Code   RO         1212    i.HAL_PCD_ResumeCallback  usbd_conf.o
    0x0800566a   0x0800566a   0x0000000e   Code   RO         1213    i.HAL_PCD_SOFCallback  usbd_conf.o
    0x08005678   0x08005678   0x00000036   Code   RO         5498    i.HAL_PCD_SetAddress  stm32f4xx_hal_pcd.o
    0x080056ae   0x080056ae   0x00000012   Code   RO         1214    i.HAL_PCD_SetupStageCallback  usbd_conf.o
    0x080056c0   0x080056c0   0x0000004a   Code   RO         5501    i.HAL_PCD_Start     stm32f4xx_hal_pcd.o
    0x0800570a   0x0800570a   0x00000002   PAD
    0x0800570c   0x0800570c   0x00000034   Code   RO         1215    i.HAL_PCD_SuspendCallback  usbd_conf.o
    0x08005740   0x08005740   0x000001a0   Code   RO         6172    i.HAL_RCCEx_PeriphCLKConfig  stm32f4xx_hal_rcc_ex.o
    0x080058e0   0x080058e0   0x00000184   Code   RO         6067    i.HAL_RCC_ClockConfig  stm32f4xx_hal_rcc.o
    0x08005a64   0x08005a64   0x0000000c   Code   RO         6070    i.HAL_RCC_EnableCSS  stm32f4xx_hal_rcc.o
    0x08005a70   0x08005a70   0x0000000c   Code   RO         6072    i.HAL_RCC_GetHCLKFreq  stm32f4xx_hal_rcc.o
    0x08005a7c   0x08005a7c   0x00000020   Code   RO         6074    i.HAL_RCC_GetPCLK1Freq  stm32f4xx_hal_rcc.o
    0x08005a9c   0x08005a9c   0x00000020   Code   RO         6075    i.HAL_RCC_GetPCLK2Freq  stm32f4xx_hal_rcc.o
    0x08005abc   0x08005abc   0x000000b0   Code   RO         6076    i.HAL_RCC_GetSysClockFreq  stm32f4xx_hal_rcc.o
    0x08005b6c   0x08005b6c   0x0000049c   Code   RO         6079    i.HAL_RCC_OscConfig  stm32f4xx_hal_rcc.o
    0x08006008   0x08006008   0x00000034   Code   RO         8319    i.HAL_RNG_Init      stm32f4xx_hal_rng.o
    0x0800603c   0x0800603c   0x00000034   Code   RO          879    i.HAL_RNG_MspInit   rng.o
    0x08006070   0x08006070   0x000000a4   Code   RO         8425    i.HAL_RTC_Init      stm32f4xx_hal_rtc.o
    0x08006114   0x08006114   0x00000040   Code   RO          921    i.HAL_RTC_MspInit   rtc.o
    0x08006154   0x08006154   0x0000003a   Code   RO         8433    i.HAL_RTC_WaitForSynchro  stm32f4xx_hal_rtc.o
    0x0800618e   0x0800618e   0x000000c8   Code   RO         8825    i.HAL_SPI_Init      stm32f4xx_hal_spi.o
    0x08006256   0x08006256   0x00000002   PAD
    0x08006258   0x08006258   0x000001cc   Code   RO          963    i.HAL_SPI_MspInit   spi.o
    0x08006424   0x08006424   0x0000022a   Code   RO         8834    i.HAL_SPI_TransmitReceive  stm32f4xx_hal_spi.o
    0x0800664e   0x0800664e   0x00000034   Code   RO         6866    i.HAL_SYSTICK_Config  stm32f4xx_hal_cortex.o
    0x08006682   0x08006682   0x00000074   Code   RO         9856    i.HAL_TIMEx_ConfigBreakDeadTime  stm32f4xx_hal_tim_ex.o
    0x080066f6   0x080066f6   0x00000002   PAD
    0x080066f8   0x080066f8   0x000000b4   Code   RO         9872    i.HAL_TIMEx_MasterConfigSynchronization  stm32f4xx_hal_tim_ex.o
    0x080067ac   0x080067ac   0x00000066   Code   RO         9138    i.HAL_TIM_Base_Init  stm32f4xx_hal_tim.o
    0x08006812   0x08006812   0x00000002   PAD
    0x08006814   0x08006814   0x0000011c   Code   RO         1011    i.HAL_TIM_Base_MspInit  tim.o
    0x08006930   0x08006930   0x0000009c   Code   RO         9141    i.HAL_TIM_Base_Start  stm32f4xx_hal_tim.o
    0x080069cc   0x080069cc   0x0000010c   Code   RO         9147    i.HAL_TIM_ConfigClockSource  stm32f4xx_hal_tim.o
    0x08006ad8   0x08006ad8   0x000002c0   Code   RO         1012    i.HAL_TIM_MspPostInit  tim.o
    0x08006d98   0x08006d98   0x00000104   Code   RO         9210    i.HAL_TIM_PWM_ConfigChannel  stm32f4xx_hal_tim.o
    0x08006e9c   0x08006e9c   0x00000066   Code   RO         9213    i.HAL_TIM_PWM_Init  stm32f4xx_hal_tim.o
    0x08006f02   0x08006f02   0x00000002   Code   RO         9215    i.HAL_TIM_PWM_MspInit  stm32f4xx_hal_tim.o
    0x08006f04   0x08006f04   0x0000010c   Code   RO         9218    i.HAL_TIM_PWM_Start  stm32f4xx_hal_tim.o
    0x08007010   0x08007010   0x00000002   Code   RO        10131    i.HAL_UARTEx_RxEventCallback  stm32f4xx_hal_uart.o
    0x08007012   0x08007012   0x00000002   Code   RO        10145    i.HAL_UART_ErrorCallback  stm32f4xx_hal_uart.o
    0x08007014   0x08007014   0x000002e0   Code   RO        10148    i.HAL_UART_IRQHandler  stm32f4xx_hal_uart.o
    0x080072f4   0x080072f4   0x00000072   Code   RO        10149    i.HAL_UART_Init     stm32f4xx_hal_uart.o
    0x08007366   0x08007366   0x00000002   PAD
    0x08007368   0x08007368   0x00000304   Code   RO         1089    i.HAL_UART_MspInit  usart.o
    0x0800766c   0x0800766c   0x00000042   Code   RO        10153    i.HAL_UART_Receive_DMA  stm32f4xx_hal_uart.o
    0x080076ae   0x080076ae   0x00000042   Code   RO        10154    i.HAL_UART_Receive_IT  stm32f4xx_hal_uart.o
    0x080076f0   0x080076f0   0x00000030   Code   RO         2371    i.HAL_UART_RxCpltCallback  user_usart.o
    0x08007720   0x08007720   0x00000002   Code   RO        10156    i.HAL_UART_RxHalfCpltCallback  stm32f4xx_hal_uart.o
    0x08007722   0x08007722   0x00000002   Code   RO        10160    i.HAL_UART_TxCpltCallback  stm32f4xx_hal_uart.o
    0x08007724   0x08007724   0x00000010   Code   RO         1667    i.HardFault_Handler  stm32f4xx_it.o
    0x08007734   0x08007734   0x0000003e   Code   RO         7874    i.I2C_IsAcknowledgeFailed  stm32f4xx_hal_i2c.o
    0x08007772   0x08007772   0x00000002   PAD
    0x08007774   0x08007774   0x00000160   Code   RO         7885    i.I2C_RequestMemoryRead  stm32f4xx_hal_i2c.o
    0x080078d4   0x080078d4   0x000000e0   Code   RO         7886    i.I2C_RequestMemoryWrite  stm32f4xx_hal_i2c.o
    0x080079b4   0x080079b4   0x0000005c   Code   RO         7894    i.I2C_WaitOnBTFFlagUntilTimeout  stm32f4xx_hal_i2c.o
    0x08007a10   0x08007a10   0x00000086   Code   RO         7895    i.I2C_WaitOnFlagUntilTimeout  stm32f4xx_hal_i2c.o
    0x08007a96   0x08007a96   0x000000c4   Code   RO         7896    i.I2C_WaitOnMasterAddressFlagUntilTimeout  stm32f4xx_hal_i2c.o
    0x08007b5a   0x08007b5a   0x00000080   Code   RO         7897    i.I2C_WaitOnRXNEFlagUntilTimeout  stm32f4xx_hal_i2c.o
    0x08007bda   0x08007bda   0x0000005c   Code   RO         7900    i.I2C_WaitOnTXEFlagUntilTimeout  stm32f4xx_hal_i2c.o
    0x08007c36   0x08007c36   0x00000002   PAD
    0x08007c38   0x08007c38   0x0000007c   Code   RO         3119    i.INS_cali_gyro     ins_task.o
    0x08007cb4   0x08007cb4   0x00000048   Code   RO         3120    i.INS_set_cali_gyro  ins_task.o
    0x08007cfc   0x08007cfc   0x00000304   Code   RO         3121    i.INS_task          ins_task.o
    0x08008000   0x08008000   0x0000003e   Code   RO         1411    i.IntToUnicode      usbd_desc.o
    0x0800803e   0x0800803e   0x00000062   Code   RO         2918    i.KalmanFilter      usb_task.o
    0x080080a0   0x080080a0   0x00000044   Code   RO         2919    i.Kalman_Init       usb_task.o
    0x080080e4   0x080080e4   0x00000138   Code   RO         3900    i.Key_Bit_Content   gimbal_task.o
    0x0800821c   0x0800821c   0x00000060   Code   RO         3901    i.Key_Bit_Content_Init  gimbal_task.o
    0x0800827c   0x0800827c   0x00000070   Code   RO          660    i.MX_ADC1_Init      adc.o
    0x080082ec   0x080082ec   0x00000070   Code   RO          661    i.MX_ADC3_Init      adc.o
    0x0800835c   0x0800835c   0x00000048   Code   RO          708    i.MX_CAN1_Init      can.o
    0x080083a4   0x080083a4   0x00000048   Code   RO          709    i.MX_CAN2_Init      can.o
    0x080083ec   0x080083ec   0x00000020   Code   RO          757    i.MX_CRC_Init       crc.o
    0x0800840c   0x0800840c   0x000000b8   Code   RO          797    i.MX_DMA_Init       dma.o
    0x080084c4   0x080084c4   0x00000108   Code   RO          602    i.MX_FREERTOS_Init  freertos.o
    0x080085cc   0x080085cc   0x00000254   Code   RO          443    i.MX_GPIO_Init      gpio.o
    0x08008820   0x08008820   0x0000003c   Code   RO          826    i.MX_I2C1_Init      i2c.o
    0x0800885c   0x0800885c   0x0000003c   Code   RO          827    i.MX_I2C2_Init      i2c.o
    0x08008898   0x08008898   0x0000003c   Code   RO          828    i.MX_I2C3_Init      i2c.o
    0x080088d4   0x080088d4   0x00000020   Code   RO          880    i.MX_RNG_Init       rng.o
    0x080088f4   0x080088f4   0x00000034   Code   RO          922    i.MX_RTC_Init       rtc.o
    0x08008928   0x08008928   0x00000048   Code   RO          964    i.MX_SPI1_Init      spi.o
    0x08008970   0x08008970   0x00000048   Code   RO          965    i.MX_SPI2_Init      spi.o
    0x080089b8   0x080089b8   0x0000006c   Code   RO         1013    i.MX_TIM10_Init     tim.o
    0x08008a24   0x08008a24   0x0000010c   Code   RO         1014    i.MX_TIM1_Init      tim.o
    0x08008b30   0x08008b30   0x000000a4   Code   RO         1015    i.MX_TIM3_Init      tim.o
    0x08008bd4   0x08008bd4   0x000000a4   Code   RO         1016    i.MX_TIM4_Init      tim.o
    0x08008c78   0x08008c78   0x000000c4   Code   RO         1017    i.MX_TIM5_Init      tim.o
    0x08008d3c   0x08008d3c   0x000000ec   Code   RO         1018    i.MX_TIM8_Init      tim.o
    0x08008e28   0x08008e28   0x00000038   Code   RO         1090    i.MX_USART1_UART_Init  usart.o
    0x08008e60   0x08008e60   0x00000038   Code   RO         1091    i.MX_USART3_UART_Init  usart.o
    0x08008e98   0x08008e98   0x00000038   Code   RO         1092    i.MX_USART6_UART_Init  usart.o
    0x08008ed0   0x08008ed0   0x0000004c   Code   RO         1142    i.MX_USB_DEVICE_Init  usb_device.o
    0x08008f1c   0x08008f1c   0x00000004   Code   RO         1668    i.MemManage_Handler  stm32f4xx_it.o
    0x08008f20   0x08008f20   0x00000004   Code   RO         1669    i.NMI_Handler       stm32f4xx_it.o
    0x08008f24   0x08008f24   0x00000010   Code   RO         1670    i.OTG_FS_IRQHandler  stm32f4xx_it.o
    0x08008f34   0x08008f34   0x00000064   Code   RO         5505    i.PCD_EP_OutSetupPacket_int  stm32f4xx_hal_pcd.o
    0x08008f98   0x08008f98   0x00000144   Code   RO         5506    i.PCD_EP_OutXfrComplete_int  stm32f4xx_hal_pcd.o
    0x080090dc   0x080090dc   0x000000b6   Code   RO         5507    i.PCD_WriteEmptyTxFifo  stm32f4xx_hal_pcd.o
    0x08009192   0x08009192   0x00000002   PAD
    0x08009194   0x08009194   0x000001f0   Code   RO         4888    i.PID_calc          pid.o
    0x08009384   0x08009384   0x0000004c   Code   RO         4889    i.PID_clear         pid.o
    0x080093d0   0x080093d0   0x00000060   Code   RO         4890    i.PID_init          pid.o
    0x08009430   0x08009430   0x00000040   Code   RO         2920    i.PY_CRC_16_T8_USB_i  usb_task.o
    0x08009470   0x08009470   0x0000009c   Code   RO         2334    i.RC_Init           remote_dma.o
    0x0800950c   0x0800950c   0x00000354   Code   RO         3497    i.RC_cmd_to_calibrate  calibrate_task.o
    0x08009860   0x08009860   0x00000050   Code   RO         2335    i.RC_restart        remote_dma.o
    0x080098b0   0x080098b0   0x00000018   Code   RO         2336    i.RC_unable         remote_dma.o
    0x080098c8   0x080098c8   0x0000004a   Code   RO         8436    i.RTC_EnterInitMode  stm32f4xx_hal_rtc.o
    0x08009912   0x08009912   0x0000002e   Code   RO         8437    i.RTC_ExitInitMode  stm32f4xx_hal_rtc.o
    0x08009940   0x08009940   0x00000148   Code   RO         2658    i.SPI1_DMA_enable   user_spi.o
    0x08009a88   0x08009a88   0x00000180   Code   RO         2659    i.SPI1_DMA_init     user_spi.o
    0x08009c08   0x08009c08   0x0000006c   Code   RO         8863    i.SPI_EndRxTxTransaction  stm32f4xx_hal_spi.o
    0x08009c74   0x08009c74   0x000000d8   Code   RO         8868    i.SPI_WaitFlagStateUntilTimeout  stm32f4xx_hal_spi.o
    0x08009d4c   0x08009d4c   0x00000012   Code   RO        12257    i.SWAPBYTE          usbd_ctlreq.o
    0x08009d5e   0x08009d5e   0x00000014   Code   RO         1671    i.SysTick_Handler   stm32f4xx_it.o
    0x08009d72   0x08009d72   0x00000002   PAD
    0x08009d74   0x08009d74   0x000000b8   Code   RO            5    i.SystemClock_Config  main.o
    0x08009e2c   0x08009e2c   0x00000014   Code   RO        10488    i.SystemInit        system_stm32f4xx.o
    0x08009e40   0x08009e40   0x000000d8   Code   RO         9231    i.TIM_Base_SetConfig  stm32f4xx_hal_tim.o
    0x08009f18   0x08009f18   0x00000022   Code   RO         9232    i.TIM_CCxChannelCmd  stm32f4xx_hal_tim.o
    0x08009f3a   0x08009f3a   0x00000016   Code   RO         9242    i.TIM_ETR_SetConfig  stm32f4xx_hal_tim.o
    0x08009f50   0x08009f50   0x00000012   Code   RO         9243    i.TIM_ITRx_SetConfig  stm32f4xx_hal_tim.o
    0x08009f62   0x08009f62   0x00000002   PAD
    0x08009f64   0x08009f64   0x00000070   Code   RO         9244    i.TIM_OC1_SetConfig  stm32f4xx_hal_tim.o
    0x08009fd4   0x08009fd4   0x0000007c   Code   RO         9245    i.TIM_OC2_SetConfig  stm32f4xx_hal_tim.o
    0x0800a050   0x0800a050   0x00000078   Code   RO         9246    i.TIM_OC3_SetConfig  stm32f4xx_hal_tim.o
    0x0800a0c8   0x0800a0c8   0x00000054   Code   RO         9247    i.TIM_OC4_SetConfig  stm32f4xx_hal_tim.o
    0x0800a11c   0x0800a11c   0x00000026   Code   RO         9249    i.TIM_TI1_ConfigInputStage  stm32f4xx_hal_tim.o
    0x0800a142   0x0800a142   0x00000028   Code   RO         9251    i.TIM_TI2_ConfigInputStage  stm32f4xx_hal_tim.o
    0x0800a16a   0x0800a16a   0x00000014   Code   RO        10162    i.UART_DMAAbortOnError  stm32f4xx_hal_uart.o
    0x0800a17e   0x0800a17e   0x00000050   Code   RO        10163    i.UART_DMAError     stm32f4xx_hal_uart.o
    0x0800a1ce   0x0800a1ce   0x000000b0   Code   RO        10164    i.UART_DMAReceiveCplt  stm32f4xx_hal_uart.o
    0x0800a27e   0x0800a27e   0x00000020   Code   RO        10166    i.UART_DMARxHalfCplt  stm32f4xx_hal_uart.o
    0x0800a29e   0x0800a29e   0x0000006c   Code   RO        10172    i.UART_EndRxTransfer  stm32f4xx_hal_uart.o
    0x0800a30a   0x0800a30a   0x00000020   Code   RO        10173    i.UART_EndTransmit_IT  stm32f4xx_hal_uart.o
    0x0800a32a   0x0800a32a   0x00000026   Code   RO        10174    i.UART_EndTxTransfer  stm32f4xx_hal_uart.o
    0x0800a350   0x0800a350   0x000000f8   Code   RO        10175    i.UART_Receive_IT   stm32f4xx_hal_uart.o
    0x0800a448   0x0800a448   0x0000022c   Code   RO        10176    i.UART_SetConfig    stm32f4xx_hal_uart.o
    0x0800a674   0x0800a674   0x000000d0   Code   RO        10177    i.UART_Start_Receive_DMA  stm32f4xx_hal_uart.o
    0x0800a744   0x0800a744   0x0000004a   Code   RO        10178    i.UART_Start_Receive_IT  stm32f4xx_hal_uart.o
    0x0800a78e   0x0800a78e   0x00000060   Code   RO        10179    i.UART_Transmit_IT  stm32f4xx_hal_uart.o
    0x0800a7ee   0x0800a7ee   0x00000002   PAD
    0x0800a7f0   0x0800a7f0   0x00000010   Code   RO         1672    i.USART1_IRQHandler  stm32f4xx_it.o
    0x0800a800   0x0800a800   0x00000140   Code   RO         2077    i.USART3_IRQHandler  remote.o
    0x0800a940   0x0800a940   0x00000128   Code   RO         4203    i.USART6_IRQHandler  referee_task.o
    0x0800aa68   0x0800aa68   0x000000c4   Code   RO        12420    i.USBD_CDC_DataIn   usbd_cdc.o
    0x0800ab2c   0x0800ab2c   0x00000048   Code   RO        12421    i.USBD_CDC_DataOut  usbd_cdc.o
    0x0800ab74   0x0800ab74   0x000000d4   Code   RO        12422    i.USBD_CDC_DeInit   usbd_cdc.o
    0x0800ac48   0x0800ac48   0x00000050   Code   RO        12423    i.USBD_CDC_EP0_RxReady  usbd_cdc.o
    0x0800ac98   0x0800ac98   0x00000010   Code   RO        12424    i.USBD_CDC_GetDeviceQualifierDescriptor  usbd_cdc.o
    0x0800aca8   0x0800aca8   0x00000044   Code   RO        12425    i.USBD_CDC_GetFSCfgDesc  usbd_cdc.o
    0x0800acec   0x0800acec   0x00000048   Code   RO        12426    i.USBD_CDC_GetHSCfgDesc  usbd_cdc.o
    0x0800ad34   0x0800ad34   0x00000044   Code   RO        12427    i.USBD_CDC_GetOtherSpeedCfgDesc  usbd_cdc.o
    0x0800ad78   0x0800ad78   0x000001a0   Code   RO        12428    i.USBD_CDC_Init     usbd_cdc.o
    0x0800af18   0x0800af18   0x00000050   Code   RO        12429    i.USBD_CDC_ReceivePacket  usbd_cdc.o
    0x0800af68   0x0800af68   0x00000018   Code   RO        12430    i.USBD_CDC_RegisterInterface  usbd_cdc.o
    0x0800af80   0x0800af80   0x0000001e   Code   RO        12431    i.USBD_CDC_SetRxBuffer  usbd_cdc.o
    0x0800af9e   0x0800af9e   0x00000024   Code   RO        12432    i.USBD_CDC_SetTxBuffer  usbd_cdc.o
    0x0800afc2   0x0800afc2   0x00000140   Code   RO        12433    i.USBD_CDC_Setup    usbd_cdc.o
    0x0800b102   0x0800b102   0x00000002   PAD
    0x0800b104   0x0800b104   0x00000064   Code   RO        12434    i.USBD_CDC_TransmitPacket  usbd_cdc.o
    0x0800b168   0x0800b168   0x0000001c   Code   RO        12095    i.USBD_ClrClassConfig  usbd_core.o
    0x0800b184   0x0800b184   0x0000003e   Code   RO        12258    i.USBD_ClrFeature   usbd_ctlreq.o
    0x0800b1c2   0x0800b1c2   0x00000006   Code   RO        12096    i.USBD_CoreFindEP   usbd_core.o
    0x0800b1c8   0x0800b1c8   0x00000006   Code   RO        12097    i.USBD_CoreFindIF   usbd_core.o
    0x0800b1ce   0x0800b1ce   0x00000018   Code   RO        12360    i.USBD_CtlContinueRx  usbd_ioreq.o
    0x0800b1e6   0x0800b1e6   0x00000018   Code   RO        12361    i.USBD_CtlContinueSendData  usbd_ioreq.o
    0x0800b1fe   0x0800b1fe   0x00000018   Code   RO        12259    i.USBD_CtlError     usbd_ctlreq.o
    0x0800b216   0x0800b216   0x00000028   Code   RO        12362    i.USBD_CtlPrepareRx  usbd_ioreq.o
    0x0800b23e   0x0800b23e   0x0000001a   Code   RO        12363    i.USBD_CtlReceiveStatus  usbd_ioreq.o
    0x0800b258   0x0800b258   0x00000022   Code   RO        12364    i.USBD_CtlSendData  usbd_ioreq.o
    0x0800b27a   0x0800b27a   0x0000001a   Code   RO        12365    i.USBD_CtlSendStatus  usbd_ioreq.o
    0x0800b294   0x0800b294   0x00000034   Code   RO         1412    i.USBD_FS_ConfigStrDescriptor  usbd_desc.o
    0x0800b2c8   0x0800b2c8   0x00000010   Code   RO         1413    i.USBD_FS_DeviceDescriptor  usbd_desc.o
    0x0800b2d8   0x0800b2d8   0x00000038   Code   RO         1414    i.USBD_FS_InterfaceStrDescriptor  usbd_desc.o
    0x0800b310   0x0800b310   0x00000010   Code   RO         1415    i.USBD_FS_LangIDStrDescriptor  usbd_desc.o
    0x0800b320   0x0800b320   0x0000002c   Code   RO         1416    i.USBD_FS_ManufacturerStrDescriptor  usbd_desc.o
    0x0800b34c   0x0800b34c   0x00000040   Code   RO         1417    i.USBD_FS_ProductStrDescriptor  usbd_desc.o
    0x0800b38c   0x0800b38c   0x00000018   Code   RO         1418    i.USBD_FS_SerialStrDescriptor  usbd_desc.o
    0x0800b3a4   0x0800b3a4   0x00000056   Code   RO        12260    i.USBD_GetConfig    usbd_ctlreq.o
    0x0800b3fa   0x0800b3fa   0x000001fc   Code   RO        12261    i.USBD_GetDescriptor  usbd_ctlreq.o
    0x0800b5f6   0x0800b5f6   0x00000050   Code   RO        12099    i.USBD_GetEpDesc    usbd_core.o
    0x0800b646   0x0800b646   0x00000016   Code   RO        12262    i.USBD_GetLen       usbd_ctlreq.o
    0x0800b65c   0x0800b65c   0x00000014   Code   RO        12100    i.USBD_GetNextDesc  usbd_core.o
    0x0800b670   0x0800b670   0x0000005a   Code   RO        12263    i.USBD_GetStatus    usbd_ctlreq.o
    0x0800b6ca   0x0800b6ca   0x00000054   Code   RO        12264    i.USBD_GetString    usbd_ctlreq.o
    0x0800b71e   0x0800b71e   0x0000002c   Code   RO         1216    i.USBD_Get_USB_Status  usbd_conf.o
    0x0800b74a   0x0800b74a   0x0000003a   Code   RO        12101    i.USBD_Init         usbd_core.o
    0x0800b784   0x0800b784   0x00000026   Code   RO         1217    i.USBD_LL_ClearStallEP  usbd_conf.o
    0x0800b7aa   0x0800b7aa   0x00000026   Code   RO         1218    i.USBD_LL_CloseEP   usbd_conf.o
    0x0800b7d0   0x0800b7d0   0x00000108   Code   RO        12102    i.USBD_LL_DataInStage  usbd_core.o
    0x0800b8d8   0x0800b8d8   0x00000102   Code   RO        12103    i.USBD_LL_DataOutStage  usbd_core.o
    0x0800b9da   0x0800b9da   0x00000006   Code   RO        12104    i.USBD_LL_DevConnected  usbd_core.o
    0x0800b9e0   0x0800b9e0   0x00000026   Code   RO        12105    i.USBD_LL_DevDisconnected  usbd_core.o
    0x0800ba06   0x0800ba06   0x00000012   Code   RO         1222    i.USBD_LL_GetRxDataSize  usbd_conf.o
    0x0800ba18   0x0800ba18   0x00000068   Code   RO         1223    i.USBD_LL_Init      usbd_conf.o
    0x0800ba80   0x0800ba80   0x00000038   Code   RO         1224    i.USBD_LL_IsStallEP  usbd_conf.o
    0x0800bab8   0x0800bab8   0x00000048   Code   RO        12106    i.USBD_LL_IsoINIncomplete  usbd_core.o
    0x0800bb00   0x0800bb00   0x00000048   Code   RO        12107    i.USBD_LL_IsoOUTIncomplete  usbd_core.o
    0x0800bb48   0x0800bb48   0x00000030   Code   RO         1225    i.USBD_LL_OpenEP    usbd_conf.o
    0x0800bb78   0x0800bb78   0x00000030   Code   RO         1226    i.USBD_LL_PrepareReceive  usbd_conf.o
    0x0800bba8   0x0800bba8   0x0000006c   Code   RO        12108    i.USBD_LL_Reset     usbd_core.o
    0x0800bc14   0x0800bc14   0x00000016   Code   RO        12109    i.USBD_LL_Resume    usbd_core.o
    0x0800bc2a   0x0800bc2a   0x00000028   Code   RO        12110    i.USBD_LL_SOF       usbd_core.o
    0x0800bc52   0x0800bc52   0x00000008   Code   RO        12111    i.USBD_LL_SetSpeed  usbd_core.o
    0x0800bc5a   0x0800bc5a   0x00000026   Code   RO         1227    i.USBD_LL_SetUSBAddress  usbd_conf.o
    0x0800bc80   0x0800bc80   0x00000076   Code   RO        12112    i.USBD_LL_SetupStage  usbd_core.o
    0x0800bcf6   0x0800bcf6   0x00000026   Code   RO         1228    i.USBD_LL_StallEP   usbd_conf.o
    0x0800bd1c   0x0800bd1c   0x0000001e   Code   RO         1229    i.USBD_LL_Start     usbd_conf.o
    0x0800bd3a   0x0800bd3a   0x00000014   Code   RO        12113    i.USBD_LL_Suspend   usbd_core.o
    0x0800bd4e   0x0800bd4e   0x00000030   Code   RO         1231    i.USBD_LL_Transmit  usbd_conf.o
    0x0800bd7e   0x0800bd7e   0x00000036   Code   RO        12265    i.USBD_ParseSetupRequest  usbd_ctlreq.o
    0x0800bdb4   0x0800bdb4   0x00000048   Code   RO        12114    i.USBD_RegisterClass  usbd_core.o
    0x0800bdfc   0x0800bdfc   0x00000006   Code   RO        12115    i.USBD_RunTestMode  usbd_core.o
    0x0800be02   0x0800be02   0x0000005a   Code   RO        12266    i.USBD_SetAddress   usbd_ctlreq.o
    0x0800be5c   0x0800be5c   0x00000020   Code   RO        12116    i.USBD_SetClassConfig  usbd_core.o
    0x0800be7c   0x0800be7c   0x00000104   Code   RO        12267    i.USBD_SetConfig    usbd_ctlreq.o
    0x0800bf80   0x0800bf80   0x00000038   Code   RO        12268    i.USBD_SetFeature   usbd_ctlreq.o
    0x0800bfb8   0x0800bfb8   0x0000000c   Code   RO        12117    i.USBD_Start        usbd_core.o
    0x0800bfc4   0x0800bfc4   0x000000ae   Code   RO        12269    i.USBD_StdDevReq    usbd_ctlreq.o
    0x0800c072   0x0800c072   0x00000280   Code   RO        12270    i.USBD_StdEPReq     usbd_ctlreq.o
    0x0800c2f2   0x0800c2f2   0x000000ae   Code   RO        12271    i.USBD_StdItfReq    usbd_ctlreq.o
    0x0800c3a0   0x0800c3a0   0x00000002   Code   RO         1232    i.USBD_static_free  usbd_conf.o
    0x0800c3a2   0x0800c3a2   0x00000002   PAD
    0x0800c3a4   0x0800c3a4   0x0000000c   Code   RO         1233    i.USBD_static_malloc  usbd_conf.o
    0x0800c3b0   0x0800c3b0   0x000000d0   Code   RO         5756    i.USB_ActivateEndpoint  stm32f4xx_ll_usb.o
    0x0800c480   0x0800c480   0x00000028   Code   RO         5758    i.USB_ActivateSetup  stm32f4xx_ll_usb.o
    0x0800c4a8   0x0800c4a8   0x00000084   Code   RO         5760    i.USB_CoreInit      stm32f4xx_ll_usb.o
    0x0800c52c   0x0800c52c   0x00000058   Code   RO         5761    i.USB_CoreReset     stm32f4xx_ll_usb.o
    0x0800c584   0x0800c584   0x0000014c   Code   RO         5764    i.USB_DeactivateEndpoint  stm32f4xx_ll_usb.o
    0x0800c6d0   0x0800c6d0   0x00000024   Code   RO         5765    i.USB_DevConnect    stm32f4xx_ll_usb.o
    0x0800c6f4   0x0800c6f4   0x00000024   Code   RO         5766    i.USB_DevDisconnect  stm32f4xx_ll_usb.o
    0x0800c718   0x0800c718   0x000001e0   Code   RO         5767    i.USB_DevInit       stm32f4xx_ll_usb.o
    0x0800c8f8   0x0800c8f8   0x0000000e   Code   RO         5768    i.USB_DisableGlobalInt  stm32f4xx_ll_usb.o
    0x0800c906   0x0800c906   0x00000002   PAD
    0x0800c908   0x0800c908   0x000001dc   Code   RO         5771    i.USB_EP0StartXfer  stm32f4xx_ll_usb.o
    0x0800cae4   0x0800cae4   0x00000070   Code   RO         5772    i.USB_EP0_OutStart  stm32f4xx_ll_usb.o
    0x0800cb54   0x0800cb54   0x0000008e   Code   RO         5773    i.USB_EPClearStall  stm32f4xx_ll_usb.o
    0x0800cbe2   0x0800cbe2   0x0000009a   Code   RO         5774    i.USB_EPSetStall    stm32f4xx_ll_usb.o
    0x0800cc7c   0x0800cc7c   0x00000348   Code   RO         5775    i.USB_EPStartXfer   stm32f4xx_ll_usb.o
    0x0800cfc4   0x0800cfc4   0x000000ec   Code   RO         5776    i.USB_EPStopXfer    stm32f4xx_ll_usb.o
    0x0800d0b0   0x0800d0b0   0x0000000e   Code   RO         5777    i.USB_EnableGlobalInt  stm32f4xx_ll_usb.o
    0x0800d0be   0x0800d0be   0x00000002   PAD
    0x0800d0c0   0x0800d0c0   0x00000054   Code   RO         5778    i.USB_FlushRxFifo   stm32f4xx_ll_usb.o
    0x0800d114   0x0800d114   0x00000058   Code   RO         5779    i.USB_FlushTxFifo   stm32f4xx_ll_usb.o
    0x0800d16c   0x0800d16c   0x00000026   Code   RO         5781    i.USB_GetDevSpeed   stm32f4xx_ll_usb.o
    0x0800d192   0x0800d192   0x0000000a   Code   RO         5783    i.USB_GetMode       stm32f4xx_ll_usb.o
    0x0800d19c   0x0800d19c   0x00000014   Code   RO         5790    i.USB_ReadDevAllInEpInterrupt  stm32f4xx_ll_usb.o
    0x0800d1b0   0x0800d1b0   0x00000014   Code   RO         5791    i.USB_ReadDevAllOutEpInterrupt  stm32f4xx_ll_usb.o
    0x0800d1c4   0x0800d1c4   0x00000032   Code   RO         5792    i.USB_ReadDevInEPInterrupt  stm32f4xx_ll_usb.o
    0x0800d1f6   0x0800d1f6   0x0000001a   Code   RO         5793    i.USB_ReadDevOutEPInterrupt  stm32f4xx_ll_usb.o
    0x0800d210   0x0800d210   0x0000000a   Code   RO         5794    i.USB_ReadInterrupts  stm32f4xx_ll_usb.o
    0x0800d21a   0x0800d21a   0x00000060   Code   RO         5795    i.USB_ReadPacket    stm32f4xx_ll_usb.o
    0x0800d27a   0x0800d27a   0x00000068   Code   RO         5797    i.USB_SetCurrentMode  stm32f4xx_ll_usb.o
    0x0800d2e2   0x0800d2e2   0x0000002a   Code   RO         5798    i.USB_SetDevAddress  stm32f4xx_ll_usb.o
    0x0800d30c   0x0800d30c   0x00000012   Code   RO         5799    i.USB_SetDevSpeed   stm32f4xx_ll_usb.o
    0x0800d31e   0x0800d31e   0x00000002   PAD
    0x0800d320   0x0800d320   0x000000e8   Code   RO         5800    i.USB_SetTurnaroundTime  stm32f4xx_ll_usb.o
    0x0800d408   0x0800d408   0x00000044   Code   RO         5803    i.USB_WritePacket   stm32f4xx_ll_usb.o
    0x0800d44c   0x0800d44c   0x00000004   Code   RO         1673    i.UsageFault_Handler  stm32f4xx_it.o
    0x0800d450   0x0800d450   0x00000020   Code   RO        13094    i.__0printf         mc_w.l(printfa.o)
    0x0800d470   0x0800d470   0x00000024   Code   RO        13100    i.__0vsprintf       mc_w.l(printfa.o)
    0x0800d494   0x0800d494   0x00000026   Code   RO        13164    i.__ARM_fpclassifyf  m_wm.l(fpclassifyf.o)
    0x0800d4ba   0x0800d4ba   0x00000002   PAD
    0x0800d4bc   0x0800d4bc   0x00000010   Code   RO         6868    i.__NVIC_GetPriorityGrouping  stm32f4xx_hal_cortex.o
    0x0800d4cc   0x0800d4cc   0x00000028   Code   RO         6869    i.__NVIC_SetPriority  stm32f4xx_hal_cortex.o
    0x0800d4f4   0x0800d4f4   0x00000006   Code   RO         4606    i.__get_PRIMASK     fifo.o
    0x0800d4fa   0x0800d4fa   0x00000002   PAD
    0x0800d4fc   0x0800d4fc   0x0000012c   Code   RO        12780    i.__hardfp_asinf    m_wm.l(asinf.o)
    0x0800d628   0x0800d628   0x000002ac   Code   RO        12792    i.__hardfp_atan2f   m_wm.l(atan2f.o)
    0x0800d8d4   0x0800d8d4   0x00000014   Code   RO        12804    i.__hardfp_fabs     m_wm.l(fabs.o)
    0x0800d8e8   0x0800d8e8   0x0000007a   Code   RO        12822    i.__hardfp_sqrt     m_wm.l(sqrt_full.o)
    0x0800d962   0x0800d962   0x0000003a   Code   RO        12828    i.__hardfp_sqrtf    m_wm.l(sqrtf_full.o)
    0x0800d99c   0x0800d99c   0x00000006   Code   RO        13167    i.__mathlib_flt_infnan  m_wm.l(funder.o)
    0x0800d9a2   0x0800d9a2   0x00000006   Code   RO        13168    i.__mathlib_flt_infnan2  m_wm.l(funder.o)
    0x0800d9a8   0x0800d9a8   0x00000010   Code   RO        13169    i.__mathlib_flt_invalid  m_wm.l(funder.o)
    0x0800d9b8   0x0800d9b8   0x00000010   Code   RO        13172    i.__mathlib_flt_underflow  m_wm.l(funder.o)
    0x0800d9c8   0x0800d9c8   0x0000000e   Code   RO        13230    i.__scatterload_copy  mc_w.l(handlers.o)
    0x0800d9d6   0x0800d9d6   0x00000002   Code   RO        13231    i.__scatterload_null  mc_w.l(handlers.o)
    0x0800d9d8   0x0800d9d8   0x0000000e   Code   RO        13232    i.__scatterload_zeroinit  mc_w.l(handlers.o)
    0x0800d9e6   0x0800d9e6   0x00000006   Code   RO         4607    i.__set_PRIMASK     fifo.o
    0x0800d9ec   0x0800d9ec   0x0000000c   Code   RO        13212    i.__set_errno       mc_w.l(errno.o)
    0x0800d9f8   0x0800d9f8   0x00000184   Code   RO        13101    i._fp_digits        mc_w.l(printfa.o)
    0x0800db7c   0x0800db7c   0x000006b4   Code   RO        13102    i._printf_core      mc_w.l(printfa.o)
    0x0800e230   0x0800e230   0x00000024   Code   RO        13103    i._printf_post_padding  mc_w.l(printfa.o)
    0x0800e254   0x0800e254   0x0000002e   Code   RO        13104    i._printf_pre_padding  mc_w.l(printfa.o)
    0x0800e282   0x0800e282   0x0000000a   Code   RO        13106    i._sputc            mc_w.l(printfa.o)
    0x0800e28c   0x0800e28c   0x000001cc   Code   RO         2819    i._ui_init_1_Ungroup_0  user_draw.o
    0x0800e458   0x0800e458   0x00000068   Code   RO         1959    i.aRGB_led_show     led.o
    0x0800e4c0   0x0800e4c0   0x00000030   Code   RO         5026    i.abs_limit         user_lib.o
    0x0800e4f0   0x0800e4f0   0x000001d0   Code   RO        12525    i.accel_comple_filter  AHRS.lib(ahrs.o)
    0x0800e6c0   0x0800e6c0   0x0000018c   Code   RO        12526    i.accel_update_kp_ki  AHRS.lib(ahrs.o)
    0x0800e84c   0x0800e84c   0x0000003c   Code   RO         2023    i.adcx_get_chx_value  user_adc.o
    0x0800e888   0x0800e888   0x0000016c   Code   RO        12527    i.angle_to_quat     AHRS.lib(ahrs.o)
    0x0800e9f4   0x0800e9f4   0x00000134   Code   RO         5141    i.bmi088_accel_init  bmi088_driver.o
    0x0800eb28   0x0800eb28   0x000002fc   Code   RO         5142    i.bmi088_accel_self_test  bmi088_driver.o
    0x0800ee24   0x0800ee24   0x000000f4   Code   RO         5143    i.bmi088_gyro_init  bmi088_driver.o
    0x0800ef18   0x0800ef18   0x000000d0   Code   RO         5144    i.bmi088_gyro_self_test  bmi088_driver.o
    0x0800efe8   0x0800efe8   0x00000010   Code   RO         1813    i.buzzer_off        buzzer.o
    0x0800eff8   0x0800eff8   0x00000014   Code   RO         1814    i.buzzer_on         buzzer.o
    0x0800f00c   0x0800f00c   0x00000038   Code   RO         2822    i.calc_crc16        user_draw.o
    0x0800f044   0x0800f044   0x00000024   Code   RO         2823    i.calc_crc8         user_draw.o
    0x0800f068   0x0800f068   0x00000180   Code   RO         3902    i.calc_gimbal_cali  gimbal_task.o
    0x0800f1e8   0x0800f1e8   0x000000ec   Code   RO         3498    i.cali_data_read    calibrate_task.o
    0x0800f2d4   0x0800f2d4   0x0000008c   Code   RO         3499    i.cali_data_write   calibrate_task.o
    0x0800f360   0x0800f360   0x0000006c   Code   RO         3500    i.cali_gimbal_hook  calibrate_task.o
    0x0800f3cc   0x0800f3cc   0x00000064   Code   RO         3501    i.cali_gyro_hook    calibrate_task.o
    0x0800f430   0x0800f430   0x00000046   Code   RO         3502    i.cali_head_hook    calibrate_task.o
    0x0800f476   0x0800f476   0x00000002   PAD
    0x0800f478   0x0800f478   0x000000b8   Code   RO         3503    i.cali_param_init   calibrate_task.o
    0x0800f530   0x0800f530   0x00000148   Code   RO         3504    i.calibrate_task    calibrate_task.o
    0x0800f678   0x0800f678   0x0000005c   Code   RO         2503    i.can_filter_init   user_can.o
    0x0800f6d4   0x0800f6d4   0x000000b8   Code   RO         3737    i.chassis_behaviour_control_set  chassis_behaviour.o
    0x0800f78c   0x0800f78c   0x000000c0   Code   RO         3738    i.chassis_behaviour_mode_set  chassis_behaviour.o
    0x0800f84c   0x0800f84c   0x00000060   Code   RO         3739    i.chassis_engineer_follow_chassis_yaw_control  chassis_behaviour.o
    0x0800f8ac   0x0800f8ac   0x00000080   Code   RO         3740    i.chassis_infantry_follow_gimbal_yaw_control  chassis_behaviour.o
    0x0800f92c   0x0800f92c   0x00000044   Code   RO         3741    i.chassis_no_follow_yaw_control  chassis_behaviour.o
    0x0800f970   0x0800f970   0x0000002c   Code   RO         3742    i.chassis_no_move_control  chassis_behaviour.o
    0x0800f99c   0x0800f99c   0x0000005c   Code   RO         3743    i.chassis_open_set_control  chassis_behaviour.o
    0x0800f9f8   0x0800f9f8   0x000003c0   Code   RO         3577    i.chassis_power_control  chassis_power_control.o
    0x0800fdb8   0x0800fdb8   0x000001ec   Code   RO         3670    i.chassis_rc_to_control_vector  chassis_task.o
    0x0800ffa4   0x0800ffa4   0x0000005c   Code   RO         3744    i.chassis_spin_control  chassis_behaviour.o
    0x08010000   0x08010000   0x000000cc   Code   RO         3671    i.chassis_task      chassis_task.o
    0x080100cc   0x080100cc   0x0000012c   Code   RO         3672    i.chassis_vector_to_mecanum_wheel_speed  chassis_task.o
    0x080101f8   0x080101f8   0x0000002c   Code   RO         3746    i.chassis_zero_force_control  chassis_behaviour.o
    0x08010224   0x08010224   0x00000118   Code   RO         3903    i.cmd_cali_gimbal_hook  gimbal_task.o
    0x0801033c   0x0801033c   0x00000030   Code   RO         1985    i.delay_init        delay.o
    0x0801036c   0x0801036c   0x00000050   Code   RO         1987    i.delay_us          delay.o
    0x080103bc   0x080103bc   0x00000124   Code   RO         2991    i.detect_hook       detect_task.o
    0x080104e0   0x080104e0   0x00000168   Code   RO         2992    i.detect_init       detect_task.o
    0x08010648   0x08010648   0x00000288   Code   RO         2993    i.detect_task       detect_task.o
    0x080108d0   0x080108d0   0x00000024   Code   RO         2824    i.draw_UI_task      user_draw.o
    0x080108f4   0x080108f4   0x0000003a   Code   RO         4625    i.fifo_s_get        fifo.o
    0x0801092e   0x0801092e   0x00000016   Code   RO         4628    i.fifo_s_init       fifo.o
    0x08010944   0x08010944   0x000000a0   Code   RO         4634    i.fifo_s_puts       fifo.o
    0x080109e4   0x080109e4   0x00000006   Code   RO         4636    i.fifo_s_used       fifo.o
    0x080109ea   0x080109ea   0x00000054   Code   RO         5027    i.first_order_filter_cali  user_lib.o
    0x08010a3e   0x08010a3e   0x00000002   PAD
    0x08010a40   0x08010a40   0x00000024   Code   RO         5028    i.first_order_filter_init  user_lib.o
    0x08010a64   0x08010a64   0x0000002e   Code   RO         2449    i.flash_erase_address  user_flash.o
    0x08010a92   0x08010a92   0x00000014   Code   RO         2450    i.flash_read        user_flash.o
    0x08010aa6   0x08010aa6   0x00000002   PAD
    0x08010aa8   0x08010aa8   0x00000098   Code   RO         2452    i.flash_write_single_address  user_flash.o
    0x08010b40   0x08010b40   0x0000002a   Code   RO         5029    i.fp32_constrain    user_lib.o
    0x08010b6a   0x08010b6a   0x00000002   PAD
    0x08010b6c   0x08010b6c   0x0000001c   Code   RO            6    i.fputc             main.o
    0x08010b88   0x08010b88   0x000000f4   Code   RO         2453    i.ger_sector        user_flash.o
    0x08010c7c   0x08010c7c   0x00000034   Code   RO         4547    i.get_CRC16_check_sum  crc8_crc16.o
    0x08010cb0   0x08010cb0   0x00000024   Code   RO         4548    i.get_CRC8_check_sum  crc8_crc16.o
    0x08010cd4   0x08010cd4   0x00000008   Code   RO         3122    i.get_INS_angle_point  ins_task.o
    0x08010cdc   0x08010cdc   0x000000e8   Code   RO        12528    i.get_angle         AHRS.lib(ahrs.o)
    0x08010dc4   0x08010dc4   0x00000018   Code   RO         3230    i.get_chassis_motor_measure_point  can_receive.o
    0x08010ddc   0x08010ddc   0x0000001c   Code   RO         4127    i.get_chassis_power_and_buffer  referee.o
    0x08010df8   0x08010df8   0x0000000c   Code   RO         4128    i.get_chassis_power_max  referee.o
    0x08010e04   0x08010e04   0x0000000c   Code   RO         3505    i.get_control_temperature  calibrate_task.o
    0x08010e10   0x08010e10   0x00000008   Code   RO         2994    i.get_error_list_point  detect_task.o
    0x08010e18   0x08010e18   0x00000008   Code   RO         3231    i.get_friction_left_motor_measure_point  can_receive.o
    0x08010e20   0x08010e20   0x00000008   Code   RO         3232    i.get_friction_rigth_motor_measure_point  can_receive.o
    0x08010e28   0x08010e28   0x00000008   Code   RO         3125    i.get_gyro_data_point  ins_task.o
    0x08010e30   0x08010e30   0x000000e8   Code   RO         2454    i.get_next_flash_address  user_flash.o
    0x08010f18   0x08010f18   0x00000008   Code   RO         3233    i.get_pitch_gimbal_motor_measure_point  can_receive.o
    0x08010f20   0x08010f20   0x00000008   Code   RO         3905    i.get_pitch_motor_point  gimbal_task.o
    0x08010f28   0x08010f28   0x00000008   Code   RO         2078    i.get_remote_control_point  remote.o
    0x08010f30   0x08010f30   0x0000000c   Code   RO         4129    i.get_robot_id      referee.o
    0x08010f3c   0x08010f3c   0x00000018   Code   RO         4131    i.get_shoot_heat0_limit_and_heat0  referee.o
    0x08010f54   0x08010f54   0x0000005c   Code   RO         2026    i.get_temprate      user_adc.o
    0x08010fb0   0x08010fb0   0x00000008   Code   RO         3234    i.get_trigger_motor_measure_point  can_receive.o
    0x08010fb8   0x08010fb8   0x00000008   Code   RO         3235    i.get_yaw_gimbal_motor_measure_point  can_receive.o
    0x08010fc0   0x08010fc0   0x00000008   Code   RO         3906    i.get_yaw_motor_point  gimbal_task.o
    0x08010fc8   0x08010fc8   0x000000bc   Code   RO         3907    i.gimbal_PID_calc   gimbal_task.o
    0x08011084   0x08011084   0x00000030   Code   RO         3908    i.gimbal_PID_clear  gimbal_task.o
    0x080110b4   0x080110b4   0x00000030   Code   RO         3909    i.gimbal_PID_init   gimbal_task.o
    0x080110e4   0x080110e4   0x000001e0   Code   RO         3813    i.gimbal_absolute_angle_control  gimbal_behaviour.o
    0x080112c4   0x080112c4   0x000000fc   Code   RO         3910    i.gimbal_absolute_angle_limit  gimbal_task.o
    0x080113c0   0x080113c0   0x0000008c   Code   RO         3814    i.gimbal_behaviour_control_set  gimbal_behaviour.o
    0x0801144c   0x0801144c   0x0000008c   Code   RO         3815    i.gimbal_behaviour_mode_set  gimbal_behaviour.o
    0x080114d8   0x080114d8   0x000001a0   Code   RO         3816    i.gimbal_behavour_set  gimbal_behaviour.o
    0x08011678   0x08011678   0x000001d8   Code   RO         3817    i.gimbal_cali_control  gimbal_behaviour.o
    0x08011850   0x08011850   0x0000002c   Code   RO         3818    i.gimbal_cmd_to_chassis_stop  gimbal_behaviour.o
    0x0801187c   0x0801187c   0x00000024   Code   RO         3819    i.gimbal_cmd_to_shoot_stop  gimbal_behaviour.o
    0x080118a0   0x080118a0   0x00000070   Code   RO         3911    i.gimbal_control_loop  gimbal_task.o
    0x08011910   0x08011910   0x00000084   Code   RO         3912    i.gimbal_feedback_update  gimbal_task.o
    0x08011994   0x08011994   0x00000158   Code   RO         3913    i.gimbal_init       gimbal_task.o
    0x08011aec   0x08011aec   0x000000c4   Code   RO         3820    i.gimbal_init_control  gimbal_behaviour.o
    0x08011bb0   0x08011bb0   0x000000c0   Code   RO         3914    i.gimbal_mode_change_control_transit  gimbal_task.o
    0x08011c70   0x08011c70   0x00000020   Code   RO         3821    i.gimbal_motionless_control  gimbal_behaviour.o
    0x08011c90   0x08011c90   0x0000005c   Code   RO         3915    i.gimbal_motor_absolute_angle_control  gimbal_task.o
    0x08011cec   0x08011cec   0x00000022   Code   RO         3916    i.gimbal_motor_raw_angle_control  gimbal_task.o
    0x08011d0e   0x08011d0e   0x0000005e   Code   RO         3917    i.gimbal_motor_relative_angle_control  gimbal_task.o
    0x08011d6c   0x08011d6c   0x000001e0   Code   RO         3822    i.gimbal_relative_angle_control  gimbal_behaviour.o
    0x08011f4c   0x08011f4c   0x0000004e   Code   RO         3918    i.gimbal_relative_angle_limit  gimbal_task.o
    0x08011f9a   0x08011f9a   0x00000002   PAD
    0x08011f9c   0x08011f9c   0x000000a8   Code   RO         3919    i.gimbal_set_control  gimbal_task.o
    0x08012044   0x08012044   0x00000012   Code   RO         3920    i.gimbal_set_mode   gimbal_task.o
    0x08012056   0x08012056   0x00000002   PAD
    0x08012058   0x08012058   0x000000cc   Code   RO         3921    i.gimbal_task       gimbal_task.o
    0x08012124   0x08012124   0x00000020   Code   RO         3823    i.gimbal_zero_force_control  gimbal_behaviour.o
    0x08012144   0x08012144   0x00000054   Code   RO         3127    i.gyro_offset_calc  ins_task.o
    0x08012198   0x08012198   0x0000012c   Code   RO         3128    i.imu_cali_slove    ins_task.o
    0x080122c4   0x080122c4   0x00000168   Code   RO         3129    i.imu_cmd_spi_dma   ins_task.o
    0x0801242c   0x0801242c   0x0000000c   Code   RO         2605    i.imu_pwm_set       user_imu_pwm.o
    0x08012438   0x08012438   0x000000b8   Code   RO         3130    i.imu_temp_control  ins_task.o
    0x080124f0   0x080124f0   0x000000bc   Code   RO         4132    i.init_referee_struct_data  referee.o
    0x080125ac   0x080125ac   0x00000002   Code   RO         5381    i.ist8310_GPIO_init  ist8310_driver_middleware.o
    0x080125ae   0x080125ae   0x00000002   PAD
    0x080125b0   0x080125b0   0x00000028   Code   RO         5383    i.ist8310_IIC_read_single_reg  ist8310_driver_middleware.o
    0x080125d8   0x080125d8   0x00000028   Code   RO         5385    i.ist8310_IIC_write_single_reg  ist8310_driver_middleware.o
    0x08012600   0x08012600   0x00000014   Code   RO         5386    i.ist8310_RST_H     ist8310_driver_middleware.o
    0x08012614   0x08012614   0x00000014   Code   RO         5387    i.ist8310_RST_L     ist8310_driver_middleware.o
    0x08012628   0x08012628   0x00000002   Code   RO         5388    i.ist8310_com_init  ist8310_driver_middleware.o
    0x0801262a   0x0801262a   0x0000000c   Code   RO         5389    i.ist8310_delay_ms  ist8310_driver_middleware.o
    0x08012636   0x08012636   0x00000002   PAD
    0x08012638   0x08012638   0x00000094   Code   RO         5340    i.ist8310_init      ist8310_driver.o
    0x080126cc   0x080126cc   0x00000010   Code   RO         2756    i.laser_off         user_laser.o
    0x080126dc   0x080126dc   0x00000010   Code   RO         2757    i.laser_on          user_laser.o
    0x080126ec   0x080126ec   0x000001b0   Code   RO         3087    i.led_RGB_flow_task  rgb_task.o
    0x0801289c   0x0801289c   0x00000060   Code   RO         5034    i.loop_fp32_constrain  user_lib.o
    0x080128fc   0x080128fc   0x00000092   Code   RO            7    i.main              main.o
    0x0801298e   0x0801298e   0x0000000e   Code   RO        11578    i.makeFreeRtosPriority  cmsis_os.o
    0x0801299c   0x0801299c   0x00000034   Code   RO         3922    i.motor_ecd_to_angle_change  gimbal_task.o
    0x080129d0   0x080129d0   0x00000018   Code   RO        11580    i.osDelay           cmsis_os.o
    0x080129e8   0x080129e8   0x0000000a   Code   RO        11583    i.osKernelStart     cmsis_os.o
    0x080129f2   0x080129f2   0x0000005e   Code   RO        11617    i.osThreadCreate    cmsis_os.o
    0x08012a50   0x08012a50   0x00000030   Code   RO        11042    i.pcTaskGetName     tasks.o
    0x08012a80   0x08012a80   0x000000a4   Code   RO        11043    i.prvAddCurrentTaskToDelayedList  tasks.o
    0x08012b24   0x08012b24   0x000000b4   Code   RO        11044    i.prvAddNewTaskToReadyList  tasks.o
    0x08012bd8   0x08012bd8   0x00000074   Code   RO        11407    i.prvCheckForValidListAndQueue  timers.o
    0x08012c4c   0x08012c4c   0x00000048   Code   RO        11045    i.prvCheckTasksWaitingTermination  tasks.o
    0x08012c94   0x08012c94   0x0000002a   Code   RO        10696    i.prvCopyDataFromQueue  queue.o
    0x08012cbe   0x08012cbe   0x0000007e   Code   RO        10697    i.prvCopyDataToQueue  queue.o
    0x08012d3c   0x08012d3c   0x00000050   Code   RO        11046    i.prvDeleteTCB      tasks.o
    0x08012d8c   0x08012d8c   0x00000028   Code   RO        11408    i.prvGetNextExpireTime  timers.o
    0x08012db4   0x08012db4   0x0000007c   Code   RO        11960    i.prvHeapInit       heap_4.o
    0x08012e30   0x08012e30   0x00000028   Code   RO        11047    i.prvIdleTask       tasks.o
    0x08012e58   0x08012e58   0x00000026   Code   RO        10700    i.prvInitialiseNewQueue  queue.o
    0x08012e7e   0x08012e7e   0x000000c2   Code   RO        11048    i.prvInitialiseNewTask  tasks.o
    0x08012f40   0x08012f40   0x00000068   Code   RO        11049    i.prvInitialiseTaskLists  tasks.o
    0x08012fa8   0x08012fa8   0x00000068   Code   RO        11961    i.prvInsertBlockIntoFreeList  heap_4.o
    0x08013010   0x08013010   0x00000058   Code   RO        11410    i.prvInsertTimerInActiveList  timers.o
    0x08013068   0x08013068   0x0000001a   Code   RO        10701    i.prvIsQueueEmpty   queue.o
    0x08013082   0x08013082   0x0000001e   Code   RO        10702    i.prvIsQueueFull    queue.o
    0x080130a0   0x080130a0   0x00000074   Code   RO        11411    i.prvProcessExpiredTimer  timers.o
    0x08013114   0x08013114   0x00000164   Code   RO        11412    i.prvProcessReceivedCommands  timers.o
    0x08013278   0x08013278   0x00000074   Code   RO        11413    i.prvProcessTimerOrBlockTask  timers.o
    0x080132ec   0x080132ec   0x00000034   Code   RO        11050    i.prvResetNextTaskUnblockTime  tasks.o
    0x08013320   0x08013320   0x0000002c   Code   RO        11414    i.prvSampleTimeNow  timers.o
    0x0801334c   0x0801334c   0x000000b0   Code   RO        11051    i.prvSearchForNameWithinSingleList  tasks.o
    0x080133fc   0x080133fc   0x000000a4   Code   RO        11415    i.prvSwitchTimerLists  timers.o
    0x080134a0   0x080134a0   0x00000016   Code   RO        11052    i.prvTaskCheckFreeStackSpace  tasks.o
    0x080134b6   0x080134b6   0x00000002   PAD
    0x080134b8   0x080134b8   0x00000040   Code   RO        12016    i.prvTaskExitError  port.o
    0x080134f8   0x080134f8   0x0000001a   Code   RO        11416    i.prvTimerTask      timers.o
    0x08013512   0x08013512   0x0000007e   Code   RO        10703    i.prvUnlockQueue    queue.o
    0x08013590   0x08013590   0x0000014c   Code   RO        11962    i.pvPortMalloc      heap_4.o
    0x080136dc   0x080136dc   0x0000002c   Code   RO        12017    i.pxPortInitialiseStack  port.o
    0x08013708   0x08013708   0x00000084   Code   RO        12533    i.quat_normalization  AHRS.lib(ahrs.o)
    0x0801378c   0x0801378c   0x00000190   Code   RO         4133    i.referee_data_solve  referee.o
    0x0801391c   0x0801391c   0x0000014c   Code   RO         4204    i.referee_unpack_fifo_data  referee_task.o
    0x08013a68   0x08013a68   0x00000044   Code   RO         4205    i.referee_usart_task  referee_task.o
    0x08013aac   0x08013aac   0x00000014   Code   RO         2079    i.remote_control_init  remote.o
    0x08013ac0   0x08013ac0   0x000000da   Code   RO         2080    i.sbus_to_rc        remote.o
    0x08013b9a   0x08013b9a   0x00000002   PAD
    0x08013b9c   0x08013b9c   0x00000050   Code   RO         2081    i.sbus_to_usart1    remote.o
    0x08013bec   0x08013bec   0x00000020   Code   RO         3923    i.set_cali_gimbal_hook  gimbal_task.o
    0x08013c0c   0x08013c0c   0x000000a0   Code   RO         4060    i.shoot_bullet_control  shoot.o
    0x08013cac   0x08013cac   0x000003b4   Code   RO         4061    i.shoot_control_loop  shoot.o
    0x08014060   0x08014060   0x000001c4   Code   RO         4062    i.shoot_feedback_update  shoot.o
    0x08014224   0x08014224   0x00000118   Code   RO         4063    i.shoot_init        shoot.o
    0x0801433c   0x0801433c   0x00000218   Code   RO         4064    i.shoot_set_mode    shoot.o
    0x08014554   0x08014554   0x0000003e   Code   RO        12830    i.sqrtf             m_wm.l(sqrtf_full.o)
    0x08014592   0x08014592   0x00000002   PAD
    0x08014594   0x08014594   0x00000018   Code   RO         2995    i.toe_is_error      detect_task.o
    0x080145ac   0x080145ac   0x000000cc   Code   RO         4065    i.trigger_motor_turn_back  shoot.o
    0x08014678   0x08014678   0x0000005c   Code   RO         2827    i.ui_proc_5_frame   user_draw.o
    0x080146d4   0x080146d4   0x00000074   Code   RO        11055    i.ulTaskNotifyTake  tasks.o
    0x08014748   0x08014748   0x0000007a   Code   RO        12534    i.update_w          AHRS.lib(ahrs.o)
    0x080147c2   0x080147c2   0x00000002   PAD
    0x080147c4   0x080147c4   0x00000094   Code   RO         2374    i.usart1_tx_dma_init  user_usart.o
    0x08014858   0x08014858   0x000000e8   Code   RO         2375    i.usart6_init       user_usart.o
    0x08014940   0x08014940   0x000000a8   Code   RO         2376    i.usart6_tx_dma_enable  user_usart.o
    0x080149e8   0x080149e8   0x00000038   Code   RO         2921    i.usb_printf        usb_task.o
    0x08014a20   0x08014a20   0x00000288   Code   RO         2922    i.usb_rxdata_printf  usb_task.o
    0x08014ca8   0x08014ca8   0x00000090   Code   RO         2923    i.usb_task          usb_task.o
    0x08014d38   0x08014d38   0x00000028   Code   RO        10656    i.uxListRemove      list.o
    0x08014d60   0x08014d60   0x00000028   Code   RO        11058    i.uxTaskGetStackHighWaterMark  tasks.o
    0x08014d88   0x08014d88   0x00000018   Code   RO          604    i.vApplicationGetIdleTaskMemory  freertos.o
    0x08014da0   0x08014da0   0x00000018   Code   RO          605    i.vApplicationGetTimerTaskMemory  freertos.o
    0x08014db8   0x08014db8   0x0000001a   Code   RO        10657    i.vListInitialise   list.o
    0x08014dd2   0x08014dd2   0x00000006   Code   RO        10658    i.vListInitialiseItem  list.o
    0x08014dd8   0x08014dd8   0x00000034   Code   RO        10659    i.vListInsert       list.o
    0x08014e0c   0x08014e0c   0x00000018   Code   RO        10660    i.vListInsertEnd    list.o
    0x08014e24   0x08014e24   0x00000054   Code   RO        12019    i.vPortEnterCritical  port.o
    0x08014e78   0x08014e78   0x0000003c   Code   RO        12020    i.vPortExitCritical  port.o
    0x08014eb4   0x08014eb4   0x000000a4   Code   RO        11963    i.vPortFree         heap_4.o
    0x08014f58   0x08014f58   0x00000028   Code   RO        12021    i.vPortSetupTimerInterrupt  port.o
    0x08014f80   0x08014f80   0x00000078   Code   RO        12022    i.vPortValidateInterruptPriority  port.o
    0x08014ff8   0x08014ff8   0x0000002c   Code   RO        10707    i.vQueueAddToRegistry  queue.o
    0x08015024   0x08015024   0x0000004a   Code   RO        10710    i.vQueueWaitForMessageRestricted  queue.o
    0x0801506e   0x0801506e   0x00000002   PAD
    0x08015070   0x08015070   0x0000005c   Code   RO        11062    i.vTaskDelay        tasks.o
    0x080150cc   0x080150cc   0x00000018   Code   RO        11066    i.vTaskInternalSetTimeOutState  tasks.o
    0x080150e4   0x080150e4   0x0000000c   Code   RO        11067    i.vTaskMissedYield  tasks.o
    0x080150f0   0x080150f0   0x000000f0   Code   RO        11068    i.vTaskNotifyGiveFromISR  tasks.o
    0x080151e0   0x080151e0   0x00000038   Code   RO        11069    i.vTaskPlaceOnEventList  tasks.o
    0x08015218   0x08015218   0x00000040   Code   RO        11070    i.vTaskPlaceOnEventListRestricted  tasks.o
    0x08015258   0x08015258   0x000000b8   Code   RO        11077    i.vTaskStartScheduler  tasks.o
    0x08015310   0x08015310   0x00000010   Code   RO        11079    i.vTaskSuspendAll   tasks.o
    0x08015320   0x08015320   0x0000008c   Code   RO        11080    i.vTaskSwitchContext  tasks.o
    0x080153ac   0x080153ac   0x00000040   Code   RO         4549    i.verify_CRC16_check_sum  crc8_crc16.o
    0x080153ec   0x080153ec   0x0000002e   Code   RO         4550    i.verify_CRC8_check_sum  crc8_crc16.o
    0x0801541a   0x0801541a   0x00000002   PAD
    0x0801541c   0x0801541c   0x00000168   Code   RO        12023    i.xPortStartScheduler  port.o
    0x08015584   0x08015584   0x00000034   Code   RO        12024    i.xPortSysTickHandler  port.o
    0x080155b8   0x080155b8   0x000000e0   Code   RO        10714    i.xQueueGenericCreateStatic  queue.o
    0x08015698   0x08015698   0x00000098   Code   RO        10715    i.xQueueGenericReset  queue.o
    0x08015730   0x08015730   0x000001a8   Code   RO        10716    i.xQueueGenericSend  queue.o
    0x080158d8   0x080158d8   0x000000fc   Code   RO        10717    i.xQueueGenericSendFromISR  queue.o
    0x080159d4   0x080159d4   0x00000168   Code   RO        10725    i.xQueueReceive     queue.o
    0x08015b3c   0x08015b3c   0x000000a8   Code   RO        11083    i.xTaskCheckForTimeOut  tasks.o
    0x08015be4   0x08015be4   0x00000064   Code   RO        11084    i.xTaskCreate       tasks.o
    0x08015c48   0x08015c48   0x000000ba   Code   RO        11085    i.xTaskCreateStatic  tasks.o
    0x08015d02   0x08015d02   0x00000002   PAD
    0x08015d04   0x08015d04   0x000000a4   Code   RO        11089    i.xTaskGetHandle    tasks.o
    0x08015da8   0x08015da8   0x00000020   Code   RO        11090    i.xTaskGetSchedulerState  tasks.o
    0x08015dc8   0x08015dc8   0x0000000c   Code   RO        11091    i.xTaskGetTickCount  tasks.o
    0x08015dd4   0x08015dd4   0x00000148   Code   RO        11093    i.xTaskIncrementTick  tasks.o
    0x08015f1c   0x08015f1c   0x000000c8   Code   RO        11096    i.xTaskPriorityDisinherit  tasks.o
    0x08015fe4   0x08015fe4   0x00000098   Code   RO        11098    i.xTaskRemoveFromEventList  tasks.o
    0x0801607c   0x0801607c   0x00000104   Code   RO        11099    i.xTaskResumeAll    tasks.o
    0x08016180   0x08016180   0x00000078   Code   RO        11423    i.xTimerCreateTimerTask  timers.o
    0x080161f8   0x080161f8   0x00000084   Code   RO        11424    i.xTimerGenericCommand  timers.o
    0x0801627c   0x0801627c   0x000000fc   Data   RO          607    .constdata          freertos.o
    0x08016378   0x08016378   0x00000300   Data   RO         2831    .constdata          user_draw.o
    0x08016678   0x08016678   0x0000001c   Data   RO         2925    .constdata          usb_task.o
    0x08016694   0x08016694   0x00000060   Data   RO         2997    .constdata          detect_task.o
    0x080166f4   0x080166f4   0x00000018   Data   RO         3132    .constdata          ins_task.o
    0x0801670c   0x0801670c   0x0000000f   Data   RO         3508    .constdata          calibrate_task.o
    0x0801671b   0x0801671b   0x00000001   PAD
    0x0801671c   0x0801671c   0x00000070   Data   RO         3674    .constdata          chassis_task.o
    0x0801678c   0x0801678c   0x00000018   Data   RO         3925    .constdata          gimbal_task.o
    0x080167a4   0x080167a4   0x00000024   Data   RO         4067    .constdata          shoot.o
    0x080167c8   0x080167c8   0x00000302   Data   RO         4551    .constdata          crc8_crc16.o
    0x08016aca   0x08016aca   0x00000012   Data   RO         5149    .constdata          bmi088_driver.o
    0x08016adc   0x08016adc   0x0000000c   Data   RO         5343    .constdata          ist8310_driver.o
    0x08016ae8   0x08016ae8   0x00000008   Data   RO         6585    .constdata          stm32f4xx_hal_dma.o
    0x08016af0   0x08016af0   0x00000018   Data   RO        10489    .constdata          system_stm32f4xx.o
    0x08016b08   0x08016b08   0x0000000c   Data   RO        12535    .constdata          AHRS.lib(ahrs.o)
    0x08016b14   0x08016b14   0x00000804   Data   RO        12745    .constdata          arm_cortexM4lf_math.lib(arm_common_tables.o)
    0x08017318   0x08017318   0x00000049   Data   RO          608    .conststring        freertos.o
    0x08017361   0x08017361   0x00000003   PAD
    0x08017364   0x08017364   0x00000020   Data   RO        13228    Region$$Table       anon$$obj.o


    Execution Region RW_IRAM2 (Exec base: 0x10000000, Load base: 0x080174fc, Size: 0x00000000, Max: 0x00010000, ABSOLUTE)

    **** No section assigned to this execution region ****


    Execution Region RW_IRAM1 (Exec base: 0x20000000, Load base: 0x08017384, Size: 0x0000ade0, Max: 0x00020000, ABSOLUTE, COMPRESSED[0x00000178])

    Exec Addr    Load Addr    Size         Type   Attr      Idx    E Section Name        Object

    0x20000000   COMPRESSED   0x00000034   Data   RW          609    .data               freertos.o
    0x20000034   COMPRESSED   0x00000004   Data   RW          711    .data               can.o
    0x20000038   COMPRESSED   0x00000008   Data   RW          758    .data               crc.o
    0x20000040   COMPRESSED   0x0000004e   Data   RW         1420    .data               usbd_desc.o
    0x2000008e   COMPRESSED   0x00000002   PAD
    0x20000090   COMPRESSED   0x00000014   Data   RW         1507    .data               usbd_cdc_if.o
    0x200000a4   COMPRESSED   0x00000008   Data   RW         1960    .data               led.o
    0x200000ac   COMPRESSED   0x00000008   Data   RW         1988    .data               delay.o
    0x200000b4   COMPRESSED   0x00000004   Data   RW         2029    .data               user_adc.o
    0x200000b8   COMPRESSED   0x00000003   Data   RW         2085    .data               remote.o
    0x200000bb   COMPRESSED   0x00000004   Data   RW         2378    .data               user_usart.o
    0x200000bf   COMPRESSED   0x00000001   PAD
    0x200000c0   COMPRESSED   0x00000010   Data   RW         2455    .data               user_flash.o
    0x200000d0   COMPRESSED   0x0000001c   Data   RW         2832    .data               user_draw.o
    0x200000ec   COMPRESSED   0x0000001c   Data   RW         2926    .data               usb_task.o
    0x20000108   COMPRESSED   0x00000009   Data   RW         2998    .data               detect_task.o
    0x20000111   COMPRESSED   0x00000003   PAD
    0x20000114   COMPRESSED   0x0000001c   Data   RW         3088    .data               rgb_task.o
    0x20000130   COMPRESSED   0x000000a0   Data   RW         3133    .data               ins_task.o
    0x200001d0   COMPRESSED   0x00000019   Data   RW         3237    .data               can_receive.o
    0x200001e9   COMPRESSED   0x00000003   PAD
    0x200001ec   COMPRESSED   0x00000054   Data   RW         3509    .data               calibrate_task.o
    0x20000240   COMPRESSED   0x00000020   Data   RW         3675    .data               chassis_task.o
    0x20000260   COMPRESSED   0x0000000c   Data   RW         3747    .data               chassis_behaviour.o
    0x2000026c   COMPRESSED   0x00000012   Data   RW         3824    .data               gimbal_behaviour.o
    0x2000027e   COMPRESSED   0x00000002   PAD
    0x20000280   COMPRESSED   0x00000014   Data   RW         3926    .data               gimbal_task.o
    0x20000294   COMPRESSED   0x00000002   Data   RW         4068    .data               shoot.o
    0x20000296   COMPRESSED   0x00000023   Data   RW         4135    .data               referee.o
    0x200002b9   COMPRESSED   0x00000001   PAD
    0x200002ba   COMPRESSED   0x00000002   Data   RW         4207    .data               referee_task.o
    0x200002bc   COMPRESSED   0x00000002   Data   RW         4552    .data               crc8_crc16.o
    0x200002be   COMPRESSED   0x00000002   PAD
    0x200002c0   COMPRESSED   0x0000002c   Data   RW         5150    .data               bmi088_driver.o
    0x200002ec   COMPRESSED   0x00000009   Data   RW         7017    .data               stm32f4xx_hal.o
    0x200002f5   COMPRESSED   0x00000003   PAD
    0x200002f8   COMPRESSED   0x00000004   Data   RW        10490    .data               system_stm32f4xx.o
    0x200002fc   COMPRESSED   0x0000003c   Data   RW        11102    .data               tasks.o
    0x20000338   COMPRESSED   0x00000014   Data   RW        11432    .data               timers.o
    0x2000034c   COMPRESSED   0x00000020   Data   RW        11969    .data               heap_4.o
    0x2000036c   COMPRESSED   0x0000000c   Data   RW        12025    .data               port.o
    0x20000378   COMPRESSED   0x00000001   Data   RW        12272    .data               usbd_ctlreq.o
    0x20000379   COMPRESSED   0x00000003   PAD
    0x2000037c   COMPRESSED   0x0000008a   Data   RW        12435    .data               usbd_cdc.o
    0x20000406   COMPRESSED   0x00000002   PAD
    0x20000408   COMPRESSED   0x00000010   Data   RW        12536    .data               AHRS.lib(ahrs.o)
    0x20000418   COMPRESSED   0x00000004   Data   RW        13199    .data               mc_w.l(stdout.o)
    0x2000041c   COMPRESSED   0x00000004   Data   RW        13213    .data               mc_w.l(errno.o)
    0x20000420        -       0x000006a8   Zero   RW          606    .bss                freertos.o
    0x20000ac8        -       0x00000090   Zero   RW          662    .bss                adc.o
    0x20000b58        -       0x00000050   Zero   RW          710    .bss                can.o
    0x20000ba8        -       0x0000015c   Zero   RW          829    .bss                i2c.o
    0x20000d04        -       0x00000010   Zero   RW          881    .bss                rng.o
    0x20000d14        -       0x00000020   Zero   RW          923    .bss                rtc.o
    0x20000d34        -       0x00000170   Zero   RW          966    .bss                spi.o
    0x20000ea4        -       0x000001b0   Zero   RW         1019    .bss                tim.o
    0x20001054        -       0x0000024c   Zero   RW         1093    .bss                usart.o
    0x200012a0        -       0x000002dc   Zero   RW         1143    .bss                usb_device.o
    0x2000157c        -       0x0000072c   Zero   RW         1234    .bss                usbd_conf.o
    0x20001ca8        -       0x00000200   Zero   RW         1419    .bss                usbd_desc.o
    0x20001ea8        -       0x00001000   Zero   RW         1506    .bss                usbd_cdc_if.o
    0x20002ea8        -       0x00000010   Zero   RW         2028    .bss                user_adc.o
    0x20002eb8        -       0x00000072   Zero   RW         2084    .bss                remote.o
    0x20002f2a        -       0x00000136   Zero   RW         2377    .bss                user_usart.o
    0x20003060        -       0x0000005a   Zero   RW         2830    .bss                user_draw.o
    0x200030ba   COMPRESSED   0x00000002   PAD
    0x200030bc        -       0x0000027c   Zero   RW         2924    .bss                usb_task.o
    0x20003338        -       0x00000264   Zero   RW         2996    .bss                detect_task.o
    0x2000359c        -       0x00000134   Zero   RW         3131    .bss                ins_task.o
    0x200036d0        -       0x000000c0   Zero   RW         3236    .bss                can_receive.o
    0x20003790        -       0x00000115   Zero   RW         3507    .bss                calibrate_task.o
    0x200038a5   COMPRESSED   0x00000003   PAD
    0x200038a8        -       0x00000274   Zero   RW         3673    .bss                chassis_task.o
    0x20003b1c        -       0x000001e8   Zero   RW         3924    .bss                gimbal_task.o
    0x20003d04        -       0x00000178   Zero   RW         4066    .bss                shoot.o
    0x20003e7c        -       0x0000005c   Zero   RW         4134    .bss                referee.o
    0x20003ed8        -       0x000008a1   Zero   RW         4206    .bss                referee_task.o
    0x20004779   COMPRESSED   0x00000003   PAD
    0x2000477c        -       0x00000020   Zero   RW         6239    .bss                stm32f4xx_hal_flash.o
    0x2000479c        -       0x00000040   Zero   RW        10728    .bss                queue.o
    0x200047dc        -       0x000000f0   Zero   RW        11101    .bss                tasks.o
    0x200048cc        -       0x00000110   Zero   RW        11431    .bss                timers.o
    0x200049dc        -       0x00006000   Zero   RW        11968    .bss                heap_4.o
    0x2000a9dc   COMPRESSED   0x00000004   PAD
    0x2000a9e0        -       0x00000400   Zero   RW         5460    STACK               startup_stm32f407xx.o


==============================================================================

Image component sizes


      Code (inc. data)   RO Data    RW Data    ZI Data      Debug   Object Name

       396         42          0          0        144       2278   adc.o
       168          4          0          0          0       5612   ahrs_middleware.o
      2338         40         18         44          0      10219   bmi088_driver.o
       140         28          0          0          0       4584   bmi088_middleware.o
        36         12          0          0          0       1573   buzzer.o
      2030        110         15         84        277       9458   calibrate_task.o
       496         44          0          4         80       2366   can.o
       704         86          0         25        192     625063   can_receive.o
       940         60          0         12          0       7666   chassis_behaviour.o
       960         34          0          0          0      11789   chassis_power_control.o
      3046        160        112         32        628      12759   chassis_task.o
       142          0          0          0          0      25207   cmsis_os.o
        84         18          0          8          0       1427   crc.o
       198         16        770          2          0       3637   crc8_crc16.o
         0          0          0          0          0       7376   croutine.o
       128         20          0          8          0       1256   delay.o
      1332         44         96          9        612       4757   detect_task.o
       184          6          0          0          0        814   dma.o
         0          0          0          0          0      22108   event_groups.o
       258          0          0          0          0       9995   fifo.o
       312         60        325         52       1704       3601   freertos.o
      2468        202          0         18          0       9151   gimbal_behaviour.o
      3176        150         24         20        488      20300   gimbal_task.o
       596         26          0          0          0     756559   gpio.o
       724         74          0         32      24576       4823   heap_4.o
       680         78          0          0        348       3012   i2c.o
      2304        304         24        160        308       9392   ins_task.o
       148          6         12          0          0       1827   ist8310_driver.o
       136         22          0          0          0       3803   ist8310_driver_middleware.o
       104         22          0          8          0        560   led.o
       148          0          0          0          0       3518   list.o
       364         16          0          0          0     744418   main.o
       668         12          0          0          0       3454   pid.o
      1014         92          0         12          0      11945   port.o
      1918         20          0          0         64      17232   queue.o
       664        166          0         35         92       9995   referee.o
       696         50          0          2       2209       2880   referee_task.o
       646         44          0          3        114     587456   remote.o
       260         28          0          0          0       1899   remote_dma.o
       432         10          0         28          0       1469   rgb_task.o
        84         18          0          0         16       1427   rng.o
       116         22          0          0         32       1467   rtc.o
      2908        182         36          2        376       8614   shoot.o
       604         54          0          0        368       2512   spi.o
        36          8        392          0       1024        796   startup_stm32f407xx.o
       212         36          0          9          0       9333   stm32f4xx_hal.o
      1398         52          0          0          0       5086   stm32f4xx_hal_adc.o
      2134          6          0          0          0      14167   stm32f4xx_hal_can.o
       304         22          0          0          0      34399   stm32f4xx_hal_cortex.o
        32          0          0          0          0       1023   stm32f4xx_hal_crc.o
      1436         16          8          0          0       6958   stm32f4xx_hal_dma.o
       652         64          0          0         32       5898   stm32f4xx_hal_flash.o
       432         26          0          0          0       3222   stm32f4xx_hal_flash_ex.o
       556         50          0          0          0       3378   stm32f4xx_hal_gpio.o
      2856         46          0          0          0      11582   stm32f4xx_hal_i2c.o
        84          6          0          0          0        814   stm32f4xx_hal_msp.o
      3604         16          0          0          0      13712   stm32f4xx_hal_pcd.o
        90          0          0          0          0       2405   stm32f4xx_hal_pcd_ex.o
      1832         88          0          0          0       6096   stm32f4xx_hal_rcc.o
       416         20          0          0          0       1392   stm32f4xx_hal_rcc_ex.o
        52          0          0          0          0       1055   stm32f4xx_hal_rng.o
       342          4          0          0          0       3235   stm32f4xx_hal_rtc.o
      1078         14          0          0          0       4629   stm32f4xx_hal_spi.o
      1966        142          0          0          0      13059   stm32f4xx_hal_tim.o
       296         30          0          0          0       2136   stm32f4xx_hal_tim_ex.o
      2658         26          0          0          0      15426   stm32f4xx_hal_uart.o
       206         42          0          0          0       8499   stm32f4xx_it.o
      4246         98          0          0          0      23419   stm32f4xx_ll_usb.o
        20          6         24          4          0       1083   system_stm32f4xx.o
      3718        420          0         60        240      33349   tasks.o
      2124        162          0          0        432       6703   tim.o
      1318        124          0         20        272      32915   timers.o
       940         90          0          0        588       3456   usart.o
        76         16          0          0        732       6500   usb_device.o
      1078        132         28         28        636       6291   usb_task.o
      1790         54          0        138          0      14129   usbd_cdc.o
       336         36          0         20       4096       5911   usbd_cdc_if.o
      1004         24          0          0       1836      16624   usbd_conf.o
      1346          0          0          0          0      16373   usbd_core.o
      2342         30          0          1          0      17704   usbd_ctlreq.o
       386        122          0         78        512       6533   usbd_desc.o
       174          0          0          0          0       4664   usbd_ioreq.o
       152         20          0          4         16       1812   user_adc.o
        92          8          0          0          0        566   user_can.o
       680         34        768         28         90      10937   user_draw.o
       694        108          0         16          0       3873   user_flash.o
       124         14          0          0          0        498   user_i2c.o
        12          4          0          0          0        478   user_imu_pwm.o
        32         10          0          0          0        871   user_laser.o
       306          4          0          0          0       4167   user_lib.o
       712         40          0          0          0       1406   user_spi.o
       596         70          0          4        310       4291   user_usart.o

    ----------------------------------------------------------------------
     81802       4722       2688       1032      43456    3374111   Object Totals
         0          0         32          0          0          0   (incl. Generated)
        82          0          4         22         12          0   (incl. Padding)

    ----------------------------------------------------------------------

      Code (inc. data)   RO Data    RW Data    ZI Data      Debug   Library Member Name

      2718         84         12         16          0       9922   ahrs.o
         0          0       2052          0          0       4636   arm_common_tables.o
       120         12          0          0          0      16970   arm_cos_f32.o
       116         12          0          0          0        658   arm_sin_f32.o
       300         42          0          0          0        176   asinf.o
       684         90          0          0          0        208   atan2f.o
        20          0          0          0          0        124   fabs.o
        38          0          0          0          0        116   fpclassifyf.o
        44         12          0          0          0        464   funder.o
       122          0          0          0          0        148   sqrt_full.o
       120          0          0          0          0        272   sqrtf_full.o
        86          0          0          0          0          0   __dczerorl2.o
         0          0          0          0          0          0   entry.o
         0          0          0          0          0          0   entry10a.o
         0          0          0          0          0          0   entry11a.o
         4          0          0          0          0          0   entry12b.o
         8          4          0          0          0          0   entry2.o
         4          0          0          0          0          0   entry5.o
         0          0          0          0          0          0   entry7b.o
         0          0          0          0          0          0   entry8b.o
         8          4          0          0          0          0   entry9a.o
        12          6          0          4          0         68   errno.o
        30          0          0          0          0          0   handlers.o
        36          8          0          0          0         68   init.o
         0          0          0          0          0          0   iusefp.o
        30          0          0          0          0         68   llshl.o
        36          0          0          0          0         68   llsshr.o
        32          0          0          0          0         68   llushr.o
        36          0          0          0          0         68   memcpya.o
        36          0          0          0          0        108   memseta.o
      2264         96          0          0          0        612   printfa.o
         0          0          0          4          0          0   stdout.o
        14          0          0          0          0         68   strlen.o
        44          0          0          0          0         80   uidiv.o
        98          0          0          0          0         92   uldiv.o
        48          0          0          0          0         68   cdcmple.o
        48          0          0          0          0         68   cdrcmple.o
        56          0          0          0          0         88   d2f.o
       334          0          0          0          0        148   dadd.o
       222          0          0          0          0        100   ddiv.o
       186          0          0          0          0        176   depilogue.o
        48          0          0          0          0         68   dfixul.o
       228          0          0          0          0         96   dmul.o
       162          0          0          0          0        100   dsqrt.o
        38          0          0          0          0         68   f2d.o
       110          0          0          0          0        168   fepilogue.o

    ----------------------------------------------------------------------
      8554        370       2064         24          0      36210   Library Totals
        14          0          0          0          0          0   (incl. Padding)

    ----------------------------------------------------------------------

      Code (inc. data)   RO Data    RW Data    ZI Data      Debug   Library Name

      2718         84         12         16          0       9922   AHRS.lib
       236         24       2052          0          0      22264   arm_cortexM4lf_math.lib
      1328        144          0          0          0       1508   m_wm.l
      2778        118          0          8          0       1368   mc_w.l
      1480          0          0          0          0       1148   mf_w.l

    ----------------------------------------------------------------------
      8554        370       2064         24          0      36210   Library Totals

    ----------------------------------------------------------------------

==============================================================================


      Code (inc. data)   RO Data    RW Data    ZI Data      Debug   

     90356       5092       4752       1056      43456    3347005   Grand Totals
     90356       5092       4752        376      43456    3347005   ELF Image Totals (compressed)
     90356       5092       4752        376          0          0   ROM Totals

==============================================================================

    Total RO  Size (Code + RO Data)                95108 (  92.88kB)
    Total RW  Size (RW Data + ZI Data)             44512 (  43.47kB)
    Total ROM Size (Code + RO Data + RW Data)      95484 (  93.25kB)

==============================================================================

