<html>
<body>
<pre>
<h1>µVision Build Log</h1>
<h2>Tool Versions:</h2>
IDE-Version: ¦ÌVision V5.35.0.0
Copyright (C) 2021 ARM Ltd and ARM Germany GmbH. All rights reserved.
License Information: 1 12096, 1, LIC=Q7GU5-GQEN2-9ZNWW-QHFXY-C3LTA-Z7MDP
 
Tool Versions:
Toolchain:       MDK-ARM Professional  Version: 5.35.0.2
Toolchain Path:  C:\Keil_v5\ARM\ARMCC\Bin
C Compiler:      Armcc.exe V5.06 update 7 (build 960)
Assembler:       Armasm.exe V5.06 update 7 (build 960)
Linker/Locator:  ArmLink.exe V5.06 update 7 (build 960)
Library Manager: ArmAr.exe V5.06 update 7 (build 960)
Hex Converter:   FromElf.exe V5.06 update 7 (build 960)
CPU DLL:         SARMCM3.DLL V5.35.0.2
Dialog DLL:      DCM.DLL V1.17.3.0
Target DLL:      CMSIS_AGDI.dll V1.33.0.0
Dialog DLL:      TCM.DLL V1.53.0.0
 
<h2>Project:</h2>
C:\RM\Infantry_NO2\32_control\MDK-ARM\U_RM_CM.uvprojx
Project File Date:  02/28/2025

<h2>Output:</h2>
*** Using Compiler 'V5.06 update 7 (build 960)', folder: 'C:\Keil_v5\ARM\ARMCC\Bin'
Build target 'U_RM_CM'
compiling user_crc32.c...
compiling user_adc.c...
compiling delay.c...
compiling freertos.c...
compiling remote_dma.c...
compiling user_flash.c...
compiling buzzer.c...
compiling user_can.c...
compiling led.c...
compiling remote.c...
compiling user_fric.c...
compiling user_usart.c...
compiling main.c...
compiling usbd_cdc_if.c...
compiling stm32f4xx_it.c...
compiling user_rng.c...
compiling user_laser.c...
compiling power_task.c...
compiling user_draw.c...
..\USER\task\user_draw.c(15): warning:  #177-D: variable "i"  was declared but never referenced
  	uint8_t i=0;
..\USER\task\user_draw.c: 1 warning, 0 errors
compiling user_imu_pwm.c...
compiling usb_task.c...
..\USER\task\usb_task.c(59): warning:  #177-D: variable "Get_All_Value"  was declared but never referenced
    float Get_All_Value[3];
..\USER\task\usb_task.c(170): warning:  #1035-D: single-precision operand implicitly converted to double-precision
  				USB_RxDataNode.radion *= 0.2;
..\USER\task\usb_task.c(172): warning:  #1035-D: single-precision operand implicitly converted to double-precision
  				USB_RxDataNode.radion *=  0.1;
..\USER\task\usb_task.c(174): warning:  #1035-D: single-precision operand implicitly converted to double-precision
  				USB_RxDataNode.radion *=  0.05;
..\USER\task\usb_task.c(176): warning:  #1035-D: single-precision operand implicitly converted to double-precision
  				USB_RxDataNode.radion *=  0.02;
..\USER\task\usb_task.c(27): warning:  #177-D: variable "status"  was declared but never referenced
  static const char status[2][7] = {"OK", "ERROR!"};
..\USER\task\usb_task.c: 6 warnings, 0 errors
compiling CAN_receive.c...
compiling detect_task.c...
compiling user_i2c.c...
compiling rgb_task.c...
compiling user_spi.c...
compiling INS_task.c...
compiling user_servo_pwm.c...
compiling calibrate_task.c...
compiling chassis_power_control.c...
compiling ist8310_driver.c...
compiling BMI088_Middleware.c...
compiling test_task.c...
compiling gimbal_behaviour.c...
compiling BMI088_driver.c...
compiling chassis_behaviour.c...
..\USER\task\chassis_behaviour.c(339): warning:  #550-D: variable "spin_size"  was set but never used
    static fp32 spin_size = 0.0f;
..\USER\task\chassis_behaviour.c(497): warning:  #177-D: function "chassis_spin_set_cotrol"  was declared but never referenced
  static void chassis_spin_set_cotrol(fp32 *vx_set, fp32 *vy_set, fp32 *wz_set, chassis_move_t *chassis_move_control)
..\USER\task\chassis_behaviour.c: 2 warnings, 0 errors
compiling gimbal_task.c...
compiling chassis_task.c...
..\USER\task\chassis_task.c(492): warning:  #1035-D: single-precision operand implicitly converted to double-precision
  	wheel_speed[0] = -vx_set - vy_set - wz_set*Whell_Center_Radius;
..\USER\task\chassis_task.c(493): warning:  #1035-D: single-precision operand implicitly converted to double-precision
    wheel_speed[1] = +vx_set - vy_set - wz_set*Whell_Center_Radius;
..\USER\task\chassis_task.c(494): warning:  #1035-D: single-precision operand implicitly converted to double-precision
    wheel_speed[2] = +vx_set + vy_set - wz_set*Whell_Center_Radius;
..\USER\task\chassis_task.c(495): warning:  #1035-D: single-precision operand implicitly converted to double-precision
    wheel_speed[3] = -vx_set + vy_set - wz_set*Whell_Center_Radius;
..\USER\task\chassis_task.c: 4 warnings, 0 errors
compiling servo_task.c...
compiling ist8310_driver_middleware.c...
compiling referee_task.c...
compiling user_task.c...
compiling shoot.c...
..\USER\task\shoot.c(283): warning:  #177-D: function "U_shoot_set_mode"  was declared but never referenced
  void U_shoot_set_mode(void)
..\USER\task\shoot.c: 1 warning, 0 errors
linking...
Program Size: Code=90356 RO-data=4752 RW-data=1056 ZI-data=43456  
FromELF: creating hex file...
"U_RM_CM\U_RM_CM.axf" - 0 Error(s), 14 Warning(s).

<h2>Software Packages used:</h2>

Package Vendor: ARM
                http://www.keil.com/pack/ARM.CMSIS.5.8.0.pack
                ARM.CMSIS.5.8.0
                CMSIS (Common Microcontroller Software Interface Standard)
   * Component: CORE Version: 5.5.0

Package Vendor: Keil
                https://www.keil.com/pack/Keil.STM32F4xx_DFP.2.17.0.pack
                Keil.STM32F4xx_DFP.2.17.0
                STMicroelectronics STM32F4 Series Device Support, Drivers and Examples

<h2>Collection of Component include folders:</h2>
  .\RTE\_U_RM_CM
  C:\Users\12096\AppData\Local\Arm\Packs\ARM\CMSIS\5.8.0\CMSIS\Core\Include
  C:\Users\12096\AppData\Local\Arm\Packs\Keil\STM32F4xx_DFP\2.17.0\Drivers\CMSIS\Device\ST\STM32F4xx\Include

<h2>Collection of Component Files used:</h2>

   * Component: ARM::CMSIS:CORE:5.5.0
      Include file:  CMSIS\Core\Include\tz_context.h
Build Time Elapsed:  00:00:28
</pre>
</body>
</html>
